<html>
<body>
<pre>
<h1>礦ision Build Log</h1>
<h2>Tool Versions:</h2>
IDE-Version: μVision V5.23.0.0
Copyright (C) 2017 ARM Ltd and ARM Germany GmbH. All rights reserved.
License Information: 1 gugu, 1, LIC=47GU5-GLHWV-WFSI7-E9Y8P-DJACH-J968R
 
Tool Versions:
Toolchain:       MDK-ARM Plus  Version: 5.23
Toolchain Path:  D:\Keil_v5\ARM\ARMCC\Bin
C Compiler:      Armcc.exe V5.06 update 4 (build 422)
Assembler:       Armasm.exe V5.06 update 4 (build 422)
Linker/Locator:  ArmLink.exe V5.06 update 4 (build 422)
Library Manager: ArmAr.exe V5.06 update 4 (build 422)
Hex Converter:   FromElf.exe V5.06 update 4 (build 422)
CPU DLL:         SARMCM3.DLL V5.23
Dialog DLL:      DARMSTM.DLL V1.68.0.0
Target DLL:      UL2CM3.DLL V1.159.7.0
Dialog DLL:      TARMSTM.DLL V1.66.0.0
 
<h2>Project:</h2>
F:\BaiduNetdiskDownload\普中-精灵1开发板资料\4--实验程序\2--传感器模块实验\烟雾报警系统（完成云平台版）\烟雾报警系统\Template.uvprojx
Project File Date:  03/11/2025

<h2>Output:</h2>
*** Using Compiler 'V5.06 update 4 (build 422)', folder: 'D:\Keil_v5\ARM\ARMCC\Bin'
Rebuild target 'Target 1'
assembling startup_stm32f10x_md.s...
compiling stm32f10x_iwdg.c...
compiling stm32f10x_it.c...
compiling stm32f10x_bkp.c...
compiling misc.c...
compiling stm32f10x_exti.c...
compiling stm32f10x_rcc.c...
compiling stm32f10x_gpio.c...
compiling stm32f10x_wwdg.c...
compiling stm32f10x_usart.c...
compiling main.c...
User\main.c(311): warning:  #225-D: the format string ends before this argument
  		printf("DHT11 Check Error!\r\n",10-retry);
User\main.c(284): warning:  #177-D: variable "value"  was declared but never referenced
  	u16 value=0;
User\main.c(285): warning:  #177-D: variable "buf"  was declared but never referenced
  	u8 buf[3];
User\main.c: 3 warnings, 0 errors
compiling stm32f10x_tim.c...
compiling core_cm3.c...
compiling system_stm32f10x.c...
compiling stm32f10x_adc.c...
compiling adc.c...
compiling oled.c...
APP\oled\oled.c(166): warning:  #68-D: integer conversion resulted in a change of sign
  	else {incx=-1;delta_x=-delta_x;} 
APP\oled\oled.c(169): warning:  #68-D: integer conversion resulted in a change of sign
  	else{incy=-1;delta_y=-delta_y;} 
APP\oled\oled.c(323): warning:  #186-D: pointless comparison of unsigned integer with zero
  		if(di<0)di +=4*a+6;	  
APP\oled\oled.c: 3 warnings, 0 errors
compiling stm32f10x_pwr.c...
compiling led.c...
compiling smg.c...
compiling wifi_config.c...
compiling dht11.c...
compiling iic.c...
compiling beep.c...
compiling system.c...
compiling key.c...
compiling usart.c...
compiling SysTick.c...
compiling wifi_function.c...
linking...
Program Size: Code=9984 RO-data=6712 RW-data=80 ZI-data=4576  
FromELF: creating hex file...
".\Obj\Template.axf" - 0 Error(s), 6 Warning(s).

<h2>Collection of Component include folders:</h2>
  .\RTE\_Target_1
  D:\Keil_v5\ARM\PACK\Keil\STM32F1xx_DFP\2.4.1\Device\Include

<h2>Collection of Component Files used:</h2>
Build Time Elapsed:  00:00:03
</pre>
</body>
</html>
