Component: ARM Compiler 5.06 update 4 (build 422) Tool: armlink [4d35d2]

==============================================================================

Section Cross References

    main.o(i.beep_chek) refers to beep.o(i.BEEP_Alarm) for BEEP_Alarm
    main.o(i.beep_chek) refers to main.o(.data) for smoke_value_id
    main.o(i.data_pros) refers to dht11.o(i.DHT11_Read_Data) for DHT11_Read_Data
    main.o(i.data_pros) refers to adc.o(i.Get_ADC_Value) for Get_ADC_Value
    main.o(i.data_pros) refers to systick.o(i.delay_ms) for delay_ms
    main.o(i.data_pros) refers to oled.o(i.OLED_ShowNum) for OLED_ShowNum
    main.o(i.data_pros) refers to oled.o(i.OLED_Refresh_Gram) for OLED_Refresh_Gram
    main.o(i.data_pros) refers to printf3.o(i.__0printf$3) for __2printf
    main.o(i.data_pros) refers to main.o(.data) for humi
    main.o(i.data_pros) refers to main.o(.bss) for co_history
    main.o(i.main) refers to systick.o(i.SysTick_Init) for SysTick_Init
    main.o(i.main) refers to led.o(i.LED_Init) for LED_Init
    main.o(i.main) refers to key.o(i.KEY_Init) for KEY_Init
    main.o(i.main) refers to misc.o(i.NVIC_PriorityGroupConfig) for NVIC_PriorityGroupConfig
    main.o(i.main) refers to usart.o(i.USART1_Init) for USART1_Init
    main.o(i.main) refers to adc.o(i.ADCx_Init) for ADCx_Init
    main.o(i.main) refers to beep.o(i.BEEP_Init) for BEEP_Init
    main.o(i.main) refers to oled.o(i.OLED_Init) for OLED_Init
    main.o(i.main) refers to smg.o(i.SMG_Init) for SMG_Init
    main.o(i.main) refers to wifi_config.o(i.WiFi_Config) for WiFi_Config
    main.o(i.main) refers to wifi_function.o(i.ESP8266_Choose) for ESP8266_Choose
    main.o(i.main) refers to oled.o(i.OLED_ShowString) for OLED_ShowString
    main.o(i.main) refers to oled.o(i.OLED_Refresh_Gram) for OLED_Refresh_Gram
    main.o(i.main) refers to printf3.o(i.__0printf$3) for __2printf
    main.o(i.main) refers to systick.o(i.delay_ms) for delay_ms
    main.o(i.main) refers to dht11.o(i.DHT11_Init) for DHT11_Init
    main.o(i.main) refers to beep.o(i.BEEP_Alarm) for BEEP_Alarm
    main.o(i.main) refers to oled.o(i.OLED_Clear) for OLED_Clear
    main.o(i.main) refers to main.o(i.setup_wifi_and_mqtt) for setup_wifi_and_mqtt
    main.o(i.main) refers to main.o(i.data_pros) for data_pros
    main.o(i.main) refers to main.o(i.beep_chek) for beep_chek
    main.o(i.main) refers to key.o(i.KEY_Scan) for KEY_Scan
    main.o(i.main) refers to main.o(i.send_properties_report) for send_properties_report
    main.o(i.main) refers to main.o(.data) for retry
    main.o(i.send_properties_report) refers to printf3.o(i.__0snprintf$3) for __2snprintf
    main.o(i.send_properties_report) refers to wifi_function.o(i.ESP8266_Cmd) for ESP8266_Cmd
    main.o(i.send_properties_report) refers to printf3.o(i.__0printf$3) for __2printf
    main.o(i.send_properties_report) refers to main.o(.conststring) for .conststring
    main.o(i.send_properties_report) refers to main.o(.bss) for json_payload
    main.o(i.setup_wifi_and_mqtt) refers to printf3.o(i.__0snprintf$3) for __2snprintf
    main.o(i.setup_wifi_and_mqtt) refers to wifi_function.o(i.ESP8266_Cmd) for ESP8266_Cmd
    main.o(i.setup_wifi_and_mqtt) refers to printf3.o(i.__0printf$3) for __2printf
    main.o(i.setup_wifi_and_mqtt) refers to systick.o(i.delay_ms) for delay_ms
    main.o(i.setup_wifi_and_mqtt) refers to beep.o(i.BEEP_Alarm) for BEEP_Alarm
    main.o(i.setup_wifi_and_mqtt) refers to main.o(.bss) for at_cmd
    main.o(i.setup_wifi_and_mqtt) refers to main.o(.data) for wifi_pwd
    main.o(i.setup_wifi_and_mqtt) refers to main.o(.conststring) for .conststring
    main.o(.data) refers to main.o(.conststring) for .conststring
    startup_stm32f10x_md.o(RESET) refers to startup_stm32f10x_md.o(STACK) for __initial_sp
    startup_stm32f10x_md.o(RESET) refers to startup_stm32f10x_md.o(.text) for Reset_Handler
    startup_stm32f10x_md.o(RESET) refers to stm32f10x_it.o(i.NMI_Handler) for NMI_Handler
    startup_stm32f10x_md.o(RESET) refers to stm32f10x_it.o(i.HardFault_Handler) for HardFault_Handler
    startup_stm32f10x_md.o(RESET) refers to stm32f10x_it.o(i.MemManage_Handler) for MemManage_Handler
    startup_stm32f10x_md.o(RESET) refers to stm32f10x_it.o(i.BusFault_Handler) for BusFault_Handler
    startup_stm32f10x_md.o(RESET) refers to stm32f10x_it.o(i.UsageFault_Handler) for UsageFault_Handler
    startup_stm32f10x_md.o(RESET) refers to stm32f10x_it.o(i.SVC_Handler) for SVC_Handler
    startup_stm32f10x_md.o(RESET) refers to stm32f10x_it.o(i.DebugMon_Handler) for DebugMon_Handler
    startup_stm32f10x_md.o(RESET) refers to stm32f10x_it.o(i.PendSV_Handler) for PendSV_Handler
    startup_stm32f10x_md.o(RESET) refers to stm32f10x_it.o(i.SysTick_Handler) for SysTick_Handler
    startup_stm32f10x_md.o(RESET) refers to usart.o(i.USART1_IRQHandler) for USART1_IRQHandler
    startup_stm32f10x_md.o(RESET) refers to wifi_config.o(i.USART3_IRQHandler) for USART3_IRQHandler
[...]
    printf5.o(i.__0vfprintf$5) refers to printf5.o(i._printf_core) for _printf_core
    printf5.o(i.__0vfprintf$5) refers to usart.o(i.fputc) for fputc
    printf5.o(i.__0vprintf$5) refers to printf5.o(i._printf_core) for _printf_core
    printf5.o(i.__0vprintf$5) refers to usart.o(i.fputc) for fputc
    printf5.o(i.__0vprintf$5) refers to stdout.o(.data) for __stdout
    printf5.o(i.__0vsnprintf$5) refers to printf5.o(i._printf_core) for _printf_core
    printf5.o(i.__0vsnprintf$5) refers to printf5.o(i._snputc) for _snputc
    printf5.o(i.__0vsprintf$5) refers to printf5.o(i._printf_core) for _printf_core
    printf5.o(i.__0vsprintf$5) refers to printf5.o(i._sputc) for _sputc
    printf5.o(i._printf_core) refers to uldiv.o(.text) for __aeabi_uldivmod
    printf6.o(i.__0fprintf$6) refers to printf6.o(i._printf_core) for _printf_core
    printf6.o(i.__0fprintf$6) refers to usart.o(i.fputc) for fputc
    printf6.o(i.__0printf$6) refers to printf6.o(i._printf_core) for _printf_core
    printf6.o(i.__0printf$6) refers to usart.o(i.fputc) for fputc
    printf6.o(i.__0printf$6) refers to stdout.o(.data) for __stdout
    printf6.o(i.__0snprintf$6) refers to printf6.o(i._printf_core) for _printf_core
    printf6.o(i.__0snprintf$6) refers to printf6.o(i._snputc) for _snputc
    printf6.o(i.__0sprintf$6) refers to printf6.o(i._printf_core) for _printf_core
    printf6.o(i.__0sprintf$6) refers to printf6.o(i._sputc) for _sputc
    printf6.o(i.__0vfprintf$6) refers to printf6.o(i._printf_core) for _printf_core
    printf6.o(i.__0vfprintf$6) refers to usart.o(i.fputc) for fputc
    printf6.o(i.__0vprintf$6) refers to printf6.o(i._printf_core) for _printf_core
    printf6.o(i.__0vprintf$6) refers to usart.o(i.fputc) for fputc
    printf6.o(i.__0vprintf$6) refers to stdout.o(.data) for __stdout
    printf6.o(i.__0vsnprintf$6) refers to printf6.o(i._printf_core) for _printf_core
    printf6.o(i.__0vsnprintf$6) refers to printf6.o(i._snputc) for _snputc
    printf6.o(i.__0vsprintf$6) refers to printf6.o(i._printf_core) for _printf_core
    printf6.o(i.__0vsprintf$6) refers to printf6.o(i._sputc) for _sputc
    printf6.o(i._printf_core) refers to printf6.o(i._printf_pre_padding) for _printf_pre_padding
    printf6.o(i._printf_core) refers to uidiv.o(.text) for __aeabi_uidivmod
    printf6.o(i._printf_core) refers to printf6.o(i._printf_post_padding) for _printf_post_padding
    printf7.o(i.__0fprintf$7) refers to printf7.o(i._printf_core) for _printf_core
    printf7.o(i.__0fprintf$7) refers to usart.o(i.fputc) for fputc
    printf7.o(i.__0printf$7) refers to printf7.o(i._printf_core) for _printf_core
    printf7.o(i.__0printf$7) refers to usart.o(i.fputc) for fputc
    printf7.o(i.__0printf$7) refers to stdout.o(.data) for __stdout
    printf7.o(i.__0snprintf$7) refers to printf7.o(i._printf_core) for _printf_core
    printf7.o(i.__0snprintf$7) refers to printf7.o(i._snputc) for _snputc
    printf7.o(i.__0sprintf$7) refers to printf7.o(i._printf_core) for _printf_core
    printf7.o(i.__0sprintf$7) refers to printf7.o(i._sputc) for _sputc
    printf7.o(i.__0vfprintf$7) refers to printf7.o(i._printf_core) for _printf_core
    printf7.o(i.__0vfprintf$7) refers to usart.o(i.fputc) for fputc
    printf7.o(i.__0vprintf$7) refers to printf7.o(i._printf_core) for _printf_core
    printf7.o(i.__0vprintf$7) refers to usart.o(i.fputc) for fputc
    printf7.o(i.__0vprintf$7) refers to stdout.o(.data) for __stdout
    printf7.o(i.__0vsnprintf$7) refers to printf7.o(i._printf_core) for _printf_core
    printf7.o(i.__0vsnprintf$7) refers to printf7.o(i._snputc) for _snputc
    printf7.o(i.__0vsprintf$7) refers to printf7.o(i._printf_core) for _printf_core
    printf7.o(i.__0vsprintf$7) refers to printf7.o(i._sputc) for _sputc
    printf7.o(i._printf_core) refers to printf7.o(i._printf_pre_padding) for _printf_pre_padding
    printf7.o(i._printf_core) refers to uldiv.o(.text) for __aeabi_uldivmod
    printf7.o(i._printf_core) refers to printf7.o(i._printf_post_padding) for _printf_post_padding
    printf8.o(i.__0fprintf$8) refers to printf8.o(i._printf_core) for _printf_core
    printf8.o(i.__0fprintf$8) refers to usart.o(i.fputc) for fputc
    printf8.o(i.__0printf$8) refers to printf8.o(i._printf_core) for _printf_core
    printf8.o(i.__0printf$8) refers to usart.o(i.fputc) for fputc
    printf8.o(i.__0printf$8) refers to stdout.o(.data) for __stdout
    printf8.o(i.__0snprintf$8) refers to printf8.o(i._printf_core) for _printf_core
    printf8.o(i.__0snprintf$8) refers to printf8.o(i._snputc) for _snputc
    printf8.o(i.__0sprintf$8) refers to printf8.o(i._printf_core) for _printf_core
    printf8.o(i.__0sprintf$8) refers to printf8.o(i._sputc) for _sputc
    printf8.o(i.__0vfprintf$8) refers to printf8.o(i._printf_core) for _printf_core
    printf8.o(i.__0vfprintf$8) refers to usart.o(i.fputc) for fputc
    printf8.o(i.__0vprintf$8) refers to printf8.o(i._printf_core) for _printf_core
    printf8.o(i.__0vprintf$8) refers to usart.o(i.fputc) for fputc
    printf8.o(i.__0vprintf$8) refers to stdout.o(.data) for __stdout
    printf8.o(i.__0vsnprintf$8) refers to printf8.o(i._printf_core) for _printf_core
    printf8.o(i.__0vsnprintf$8) refers to printf8.o(i._snputc) for _snputc
    printf8.o(i.__0vsprintf$8) refers to printf8.o(i._printf_core) for _printf_core
    printf8.o(i.__0vsprintf$8) refers to printf8.o(i._sputc) for _sputc
    printf8.o(i._printf_core) refers to printf8.o(i._printf_pre_padding) for _printf_pre_padding
    printf8.o(i._printf_core) refers to uldiv.o(.text) for __aeabi_uldivmod
    printf8.o(i._printf_core) refers to printf8.o(i._printf_post_padding) for _printf_post_padding
    printfa.o(i.__0fprintf) refers (Special) to iusefp.o(.text) for __I$use$fp
    printfa.o(i.__0fprintf) refers to printfa.o(i._printf_core) for _printf_core
    printfa.o(i.__0fprintf) refers to usart.o(i.fputc) for fputc
    printfa.o(i.__0printf) refers (Special) to iusefp.o(.text) for __I$use$fp
    printfa.o(i.__0printf) refers to printfa.o(i._printf_core) for _printf_core
    printfa.o(i.__0printf) refers to usart.o(i.fputc) for fputc
    printfa.o(i.__0printf) refers to stdout.o(.data) for __stdout
    printfa.o(i.__0snprintf) refers (Special) to iusefp.o(.text) for __I$use$fp
    printfa.o(i.__0snprintf) refers to printfa.o(i._printf_core) for _printf_core
    printfa.o(i.__0snprintf) refers to printfa.o(i._snputc) for _snputc
    printfa.o(i.__0sprintf) refers (Special) to iusefp.o(.text) for __I$use$fp
    printfa.o(i.__0sprintf) refers to printfa.o(i._printf_core) for _printf_core
    printfa.o(i.__0sprintf) refers to printfa.o(i._sputc) for _sputc
    printfa.o(i.__0vfprintf) refers (Special) to iusefp.o(.text) for __I$use$fp
    printfa.o(i.__0vfprintf) refers to printfa.o(i._printf_core) for _printf_core
    printfa.o(i.__0vfprintf) refers to usart.o(i.fputc) for fputc
    printfa.o(i.__0vprintf) refers (Special) to iusefp.o(.text) for __I$use$fp
    printfa.o(i.__0vprintf) refers to printfa.o(i._printf_core) for _printf_core
    printfa.o(i.__0vprintf) refers to usart.o(i.fputc) for fputc
    printfa.o(i.__0vprintf) refers to stdout.o(.data) for __stdout
    printfa.o(i.__0vsnprintf) refers (Special) to iusefp.o(.text) for __I$use$fp
    printfa.o(i.__0vsnprintf) refers to printfa.o(i._printf_core) for _printf_core
    printfa.o(i.__0vsnprintf) refers to printfa.o(i._snputc) for _snputc
    printfa.o(i.__0vsprintf) refers (Special) to iusefp.o(.text) for __I$use$fp
    printfa.o(i.__0vsprintf) refers to printfa.o(i._printf_core) for _printf_core
    printfa.o(i.__0vsprintf) refers to printfa.o(i._sputc) for _sputc
    printfa.o(i._fp_digits) refers (Special) to iusefp.o(.text) for __I$use$fp
    printfa.o(i._fp_digits) refers to dmul.o(.text) for __aeabi_dmul
    printfa.o(i._fp_digits) refers to ddiv.o(.text) for __aeabi_ddiv
    printfa.o(i._fp_digits) refers to cdrcmple.o(.text) for __aeabi_cdrcmple
    printfa.o(i._fp_digits) refers to dadd.o(.text) for __aeabi_dadd
    printfa.o(i._fp_digits) refers to dfixul.o(.text) for __aeabi_d2ulz
    printfa.o(i._fp_digits) refers to uldiv.o(.text) for __aeabi_uldivmod
    printfa.o(i._printf_core) refers (Special) to iusefp.o(.text) for __I$use$fp
    printfa.o(i._printf_core) refers to printfa.o(i._printf_pre_padding) for _printf_pre_padding
    printfa.o(i._printf_core) refers to uldiv.o(.text) for __aeabi_uldivmod
    printfa.o(i._printf_core) refers to printfa.o(i._printf_post_padding) for _printf_post_padding
    printfa.o(i._printf_core) refers to printfa.o(i._fp_digits) for _fp_digits
    printfa.o(i._printf_core) refers to uidiv.o(.text) for __aeabi_uidivmod
    printfa.o(i._printf_post_padding) refers (Special) to iusefp.o(.text) for __I$use$fp
    printfa.o(i._printf_pre_padding) refers (Special) to iusefp.o(.text) for __I$use$fp
    printfa.o(i._snputc) refers (Special) to iusefp.o(.text) for __I$use$fp
    printfa.o(i._sputc) refers (Special) to iusefp.o(.text) for __I$use$fp
    __0scanf.o(.text) refers to scanf_char_file.o(.text) for __vfscanf_char_file
    __0scanf.o(.text) refers to stdin.o(.data) for __stdin
    entry2.o(.ARM.Collect$$$$00000001) refers to entry2.o(.ARM.Collect$$$$00002712) for __lit__00000000
    entry2.o(.ARM.Collect$$$$00002712) refers to startup_stm32f10x_md.o(STACK) for __initial_sp
    entry2.o(__vectab_stack_and_reset_area) refers to startup_stm32f10x_md.o(STACK) for __initial_sp
    entry2.o(__vectab_stack_and_reset_area) refers to entry.o(.ARM.Collect$$$$00000000) for __main
    entry5.o(.ARM.Collect$$$$00000004) refers to init.o(.text) for __scatterload
    entry9a.o(.ARM.Collect$$$$0000000B) refers to main.o(i.main) for main
    entry9b.o(.ARM.Collect$$$$0000000C) refers to main.o(i.main) for main
    uldiv.o(.text) refers to llushr.o(.text) for __aeabi_llsr
    uldiv.o(.text) refers to llshl.o(.text) for __aeabi_llsl
    scanf_char_file.o(.text) refers to scanf_char.o(.text) for __vfscanf_char
    scanf_char_file.o(.text) refers to fgetc_b.o(.text) for fgetc
    dadd.o(.text) refers to llshl.o(.text) for __aeabi_llsl
    dadd.o(.text) refers to llsshr.o(.text) for __aeabi_lasr
    dadd.o(.text) refers to depilogue.o(.text) for _double_epilogue
    dmul.o(.text) refers to depilogue.o(.text) for _double_epilogue
    ddiv.o(.text) refers to depilogue.o(.text) for _double_round
    dfixul.o(.text) refers to llushr.o(.text) for __aeabi_llsr
    dfixul.o(.text) refers to llshl.o(.text) for __aeabi_llsl
    init.o(.text) refers to entry5.o(.ARM.Collect$$$$00000004) for __main_after_scatterload
    fgetc.o(.text) refers (Special) to iusesemig.o(.text) for __I$use$semihosting$fgetc
    fgetc.o(.text) refers (Special) to semi.o(.text) for __semihosting_library_function
    fgetc_u.o(.text) refers (Special) to iusesemig.o(.text) for __I$use$semihosting$fgetc
    fgetc_u.o(.text) refers (Special) to semi.o(.text) for __semihosting_library_function
    fgetc_u.o(.text) refers to fgetc_u.o(.data) for .data
    fgetc_u.o(.data) refers (Special) to iusesemig.o(.text) for __I$use$semihosting$fgetc
    fgetc_u.o(.data) refers (Special) to semi.o(.text) for __semihosting_library_function
    fgetc_b.o(.text) refers (Special) to iusesemig.o(.text) for __I$use$semihosting$fgetc
    fgetc_b.o(.text) refers (Special) to semi.o(.text) for __semihosting_library_function
    fgetc_b.o(.text) refers to fgetc_b.o(.data) for .data
    fgetc_b.o(.data) refers (Special) to iusesemig.o(.text) for __I$use$semihosting$fgetc
    fgetc_b.o(.data) refers (Special) to semi.o(.text) for __semihosting_library_function
    fgetc_ub.o(.text) refers (Special) to iusesemig.o(.text) for __I$use$semihosting$fgetc
    fgetc_ub.o(.text) refers (Special) to semi.o(.text) for __semihosting_library_function
    fgetc_ub.o(.text) refers to fgetc_ub.o(.data) for .data
    fgetc_ub.o(.data) refers (Special) to iusesemig.o(.text) for __I$use$semihosting$fgetc
    fgetc_ub.o(.data) refers (Special) to semi.o(.text) for __semihosting_library_function
    scanf_char.o(.text) refers to _scanf.o(.text) for __vfscanf
    scanf_char.o(.text) refers to isspace_c.o(.text) for isspace
    depilogue.o(.text) refers to llshl.o(.text) for __aeabi_llsl
    depilogue.o(.text) refers to llushr.o(.text) for __aeabi_llsr
    isspace_c.o(.text) refers to ctype_c.o(.text) for __ctype_lookup
    _scanf.o(.text) refers (Weak) to _scanf_str.o(.text) for _scanf_string
    ctype_c.o(.text) refers to ctype_c.o(.constdata) for .constdata


==============================================================================

Removing Unused input sections from the image.

    Removing startup_stm32f10x_md.o(HEAP), (512 bytes).
    Removing stm32f10x_gpio.o(i.GPIO_AFIODeInit), (20 bytes).
    Removing stm32f10x_gpio.o(i.GPIO_DeInit), (200 bytes).
    Removing stm32f10x_gpio.o(i.GPIO_ETH_MediaInterfaceConfig), (12 bytes).
    Removing stm32f10x_gpio.o(i.GPIO_EXTILineConfig), (64 bytes).
    Removing stm32f10x_gpio.o(i.GPIO_EventOutputCmd), (12 bytes).
    Removing stm32f10x_gpio.o(i.GPIO_EventOutputConfig), (32 bytes).
    Removing stm32f10x_gpio.o(i.GPIO_PinLockConfig), (18 bytes).
    Removing stm32f10x_gpio.o(i.GPIO_ReadInputData), (8 bytes).
    Removing stm32f10x_gpio.o(i.GPIO_ReadInputDataBit), (18 bytes).
    Removing stm32f10x_gpio.o(i.GPIO_ReadOutputData), (8 bytes).
    Removing stm32f10x_gpio.o(i.GPIO_ReadOutputDataBit), (18 bytes).
    Removing stm32f10x_gpio.o(i.GPIO_StructInit), (16 bytes).
    Removing stm32f10x_gpio.o(i.GPIO_Write), (4 bytes).
    Removing stm32f10x_gpio.o(i.GPIO_WriteBit), (10 bytes).
    Removing stm32f10x_rcc.o(i.RCC_AHBPeriphClockCmd), (32 bytes).
    Removing stm32f10x_rcc.o(i.RCC_APB1PeriphResetCmd), (32 bytes).
    Removing stm32f10x_rcc.o(i.RCC_APB2PeriphResetCmd), (32 bytes).
    Removing stm32f10x_rcc.o(i.RCC_AdjustHSICalibrationValue), (24 bytes).
    Removing stm32f10x_rcc.o(i.RCC_BackupResetCmd), (12 bytes).
    Removing stm32f10x_rcc.o(i.RCC_ClearFlag), (20 bytes).
    Removing stm32f10x_rcc.o(i.RCC_ClearITPendingBit), (12 bytes).
    Removing stm32f10x_rcc.o(i.RCC_ClockSecuritySystemCmd), (12 bytes).
    Removing stm32f10x_rcc.o(i.RCC_DeInit), (76 bytes).
    Removing stm32f10x_rcc.o(i.RCC_GetFlagStatus), (60 bytes).
    Removing stm32f10x_rcc.o(i.RCC_GetITStatus), (24 bytes).
    Removing stm32f10x_rcc.o(i.RCC_GetSYSCLKSource), (16 bytes).
    Removing stm32f10x_rcc.o(i.RCC_HCLKConfig), (24 bytes).
    Removing stm32f10x_rcc.o(i.RCC_HSEConfig), (76 bytes).
    Removing stm32f10x_rcc.o(i.RCC_HSICmd), (12 bytes).
    Removing stm32f10x_rcc.o(i.RCC_ITConfig), (32 bytes).
    Removing stm32f10x_rcc.o(i.RCC_LSEConfig), (52 bytes).
    Removing stm32f10x_rcc.o(i.RCC_LSICmd), (12 bytes).
    Removing stm32f10x_rcc.o(i.RCC_MCOConfig), (12 bytes).
    Removing stm32f10x_rcc.o(i.RCC_PCLK1Config), (24 bytes).
    Removing stm32f10x_rcc.o(i.RCC_PCLK2Config), (24 bytes).
    Removing stm32f10x_rcc.o(i.RCC_PLLCmd), (12 bytes).
    Removing stm32f10x_rcc.o(i.RCC_PLLConfig), (28 bytes).
    Removing stm32f10x_rcc.o(i.RCC_RTCCLKCmd), (12 bytes).
    Removing stm32f10x_rcc.o(i.RCC_RTCCLKConfig), (16 bytes).
    Removing stm32f10x_rcc.o(i.RCC_SYSCLKConfig), (24 bytes).
    Removing stm32f10x_rcc.o(i.RCC_USBCLKConfig), (12 bytes).
    Removing stm32f10x_rcc.o(i.RCC_WaitForHSEStartUp), (56 bytes).
    Removing misc.o(i.NVIC_SetVectorTable), (20 bytes).
    Removing misc.o(i.NVIC_SystemLPConfig), (32 bytes).
    Removing stm32f10x_exti.o(i.EXTI_ClearFlag), (12 bytes).
    Removing stm32f10x_exti.o(i.EXTI_ClearITPendingBit), (12 bytes).
    Removing stm32f10x_exti.o(i.EXTI_DeInit), (36 bytes).
    Removing stm32f10x_exti.o(i.EXTI_GenerateSWInterrupt), (16 bytes).
    Removing stm32f10x_exti.o(i.EXTI_GetFlagStatus), (24 bytes).
    Removing stm32f10x_exti.o(i.EXTI_GetITStatus), (40 bytes).
    Removing stm32f10x_exti.o(i.EXTI_Init), (148 bytes).
    Removing stm32f10x_exti.o(i.EXTI_StructInit), (16 bytes).
    Removing stm32f10x_tim.o(i.TI1_Config), (128 bytes).
    Removing stm32f10x_tim.o(i.TI2_Config), (152 bytes).
    Removing stm32f10x_tim.o(i.TI3_Config), (144 bytes).
    Removing stm32f10x_tim.o(i.TI4_Config), (152 bytes).
    Removing stm32f10x_tim.o(i.TIM_ARRPreloadConfig), (24 bytes).
    Removing stm32f10x_tim.o(i.TIM_BDTRConfig), (32 bytes).
    Removing stm32f10x_tim.o(i.TIM_BDTRStructInit), (18 bytes).
    Removing stm32f10x_tim.o(i.TIM_CCPreloadControl), (24 bytes).
    Removing stm32f10x_tim.o(i.TIM_CCxCmd), (30 bytes).
    Removing stm32f10x_tim.o(i.TIM_CCxNCmd), (30 bytes).
    Removing stm32f10x_tim.o(i.TIM_ClearFlag), (6 bytes).
    Removing stm32f10x_tim.o(i.TIM_ClearITPendingBit), (6 bytes).
    Removing stm32f10x_tim.o(i.TIM_ClearOC1Ref), (18 bytes).
    Removing stm32f10x_tim.o(i.TIM_ClearOC2Ref), (24 bytes).
    Removing stm32f10x_tim.o(i.TIM_ClearOC3Ref), (18 bytes).
    Removing stm32f10x_tim.o(i.TIM_ClearOC4Ref), (24 bytes).
    Removing stm32f10x_tim.o(i.TIM_Cmd), (24 bytes).
    Removing stm32f10x_tim.o(i.TIM_CounterModeConfig), (18 bytes).
    Removing stm32f10x_tim.o(i.TIM_CtrlPWMOutputs), (30 bytes).
    Removing stm32f10x_tim.o(i.TIM_DMACmd), (18 bytes).
    Removing stm32f10x_tim.o(i.TIM_DMAConfig), (10 bytes).
    Removing stm32f10x_tim.o(i.TIM_DeInit), (488 bytes).
    Removing stm32f10x_tim.o(i.TIM_ETRClockMode1Config), (54 bytes).
    Removing stm32f10x_tim.o(i.TIM_ETRClockMode2Config), (32 bytes).
    Removing stm32f10x_tim.o(i.TIM_ETRConfig), (28 bytes).
    Removing stm32f10x_tim.o(i.TIM_EncoderInterfaceConfig), (66 bytes).
    Removing stm32f10x_tim.o(i.TIM_ForcedOC1Config), (18 bytes).
    Removing stm32f10x_tim.o(i.TIM_ForcedOC2Config), (26 bytes).
    Removing stm32f10x_tim.o(i.TIM_ForcedOC3Config), (18 bytes).
    Removing stm32f10x_tim.o(i.TIM_ForcedOC4Config), (26 bytes).
    Removing stm32f10x_tim.o(i.TIM_GenerateEvent), (4 bytes).
    Removing stm32f10x_tim.o(i.TIM_GetCapture1), (6 bytes).
    Removing stm32f10x_tim.o(i.TIM_GetCapture2), (6 bytes).
    Removing stm32f10x_tim.o(i.TIM_GetCapture3), (6 bytes).
    Removing stm32f10x_tim.o(i.TIM_GetCapture4), (8 bytes).
    Removing stm32f10x_tim.o(i.TIM_GetCounter), (6 bytes).
    Removing stm32f10x_tim.o(i.TIM_GetFlagStatus), (18 bytes).
    Removing stm32f10x_tim.o(i.TIM_GetITStatus), (34 bytes).
    Removing stm32f10x_tim.o(i.TIM_GetPrescaler), (6 bytes).
    Removing stm32f10x_tim.o(i.TIM_ICInit), (172 bytes).
    Removing stm32f10x_tim.o(i.TIM_ICStructInit), (18 bytes).
    Removing stm32f10x_tim.o(i.TIM_ITConfig), (18 bytes).
    Removing stm32f10x_tim.o(i.TIM_ITRxExternalClockConfig), (24 bytes).
    Removing stm32f10x_tim.o(i.TIM_InternalClockConfig), (12 bytes).
    Removing stm32f10x_tim.o(i.TIM_OC1FastConfig), (18 bytes).
    Removing stm32f10x_tim.o(i.TIM_OC1Init), (152 bytes).
    Removing stm32f10x_tim.o(i.TIM_OC1NPolarityConfig), (18 bytes).
    Removing stm32f10x_tim.o(i.TIM_OC1PolarityConfig), (18 bytes).
    Removing stm32f10x_tim.o(i.TIM_OC1PreloadConfig), (18 bytes).
    Removing stm32f10x_tim.o(i.TIM_OC2FastConfig), (26 bytes).
    Removing stm32f10x_tim.o(i.TIM_OC2Init), (164 bytes).
    Removing stm32f10x_tim.o(i.TIM_OC2NPolarityConfig), (26 bytes).
    Removing stm32f10x_tim.o(i.TIM_OC2PolarityConfig), (26 bytes).
    Removing stm32f10x_tim.o(i.TIM_OC2PreloadConfig), (26 bytes).
    Removing stm32f10x_tim.o(i.TIM_OC3FastConfig), (18 bytes).
    Removing stm32f10x_tim.o(i.TIM_OC3Init), (160 bytes).
    Removing stm32f10x_tim.o(i.TIM_OC3NPolarityConfig), (26 bytes).
    Removing stm32f10x_tim.o(i.TIM_OC3PolarityConfig), (26 bytes).
    Removing stm32f10x_tim.o(i.TIM_OC3PreloadConfig), (18 bytes).
    Removing stm32f10x_tim.o(i.TIM_OC4FastConfig), (26 bytes).
    Removing stm32f10x_tim.o(i.TIM_OC4Init), (124 bytes).
    Removing stm32f10x_tim.o(i.TIM_OC4PolarityConfig), (26 bytes).
    Removing stm32f10x_tim.o(i.TIM_OC4PreloadConfig), (26 bytes).
    Removing stm32f10x_tim.o(i.TIM_OCStructInit), (20 bytes).
    Removing stm32f10x_tim.o(i.TIM_PWMIConfig), (124 bytes).
    Removing stm32f10x_tim.o(i.TIM_PrescalerConfig), (6 bytes).
    Removing stm32f10x_tim.o(i.TIM_SelectCCDMA), (24 bytes).
    Removing stm32f10x_tim.o(i.TIM_SelectCOM), (24 bytes).
    Removing stm32f10x_tim.o(i.TIM_SelectHallSensor), (24 bytes).
    Removing stm32f10x_tim.o(i.TIM_SelectInputTrigger), (18 bytes).
    Removing stm32f10x_tim.o(i.TIM_SelectMasterSlaveMode), (18 bytes).
    Removing stm32f10x_tim.o(i.TIM_SelectOCxM), (82 bytes).
    Removing stm32f10x_tim.o(i.TIM_SelectOnePulseMode), (18 bytes).
    Removing stm32f10x_tim.o(i.TIM_SelectOutputTrigger), (18 bytes).
    Removing stm32f10x_tim.o(i.TIM_SelectSlaveMode), (18 bytes).
    Removing stm32f10x_tim.o(i.TIM_SetAutoreload), (4 bytes).
    Removing stm32f10x_tim.o(i.TIM_SetClockDivision), (18 bytes).
    Removing stm32f10x_tim.o(i.TIM_SetCompare1), (4 bytes).
    Removing stm32f10x_tim.o(i.TIM_SetCompare2), (4 bytes).
    Removing stm32f10x_tim.o(i.TIM_SetCompare3), (4 bytes).
    Removing stm32f10x_tim.o(i.TIM_SetCompare4), (6 bytes).
    Removing stm32f10x_tim.o(i.TIM_SetCounter), (4 bytes).
    Removing stm32f10x_tim.o(i.TIM_SetIC1Prescaler), (18 bytes).
    Removing stm32f10x_tim.o(i.TIM_SetIC2Prescaler), (26 bytes).
    Removing stm32f10x_tim.o(i.TIM_SetIC3Prescaler), (18 bytes).
    Removing stm32f10x_tim.o(i.TIM_SetIC4Prescaler), (26 bytes).
    Removing stm32f10x_tim.o(i.TIM_TIxExternalClockConfig), (62 bytes).
    Removing stm32f10x_tim.o(i.TIM_TimeBaseInit), (164 bytes).
    Removing stm32f10x_tim.o(i.TIM_TimeBaseStructInit), (18 bytes).
    Removing stm32f10x_tim.o(i.TIM_UpdateDisableConfig), (24 bytes).
    Removing stm32f10x_tim.o(i.TIM_UpdateRequestConfig), (24 bytes).
    Removing stm32f10x_usart.o(i.USART_ClearITPendingBit), (30 bytes).
    Removing stm32f10x_usart.o(i.USART_ClockInit), (34 bytes).
    Removing stm32f10x_usart.o(i.USART_ClockStructInit), (12 bytes).
    Removing stm32f10x_usart.o(i.USART_DMACmd), (18 bytes).
    Removing stm32f10x_usart.o(i.USART_DeInit), (156 bytes).
    Removing stm32f10x_usart.o(i.USART_HalfDuplexCmd), (24 bytes).
    Removing stm32f10x_usart.o(i.USART_IrDACmd), (24 bytes).
    Removing stm32f10x_usart.o(i.USART_IrDAConfig), (18 bytes).
    Removing stm32f10x_usart.o(i.USART_LINBreakDetectLengthConfig), (18 bytes).
    Removing stm32f10x_usart.o(i.USART_LINCmd), (24 bytes).
    Removing stm32f10x_usart.o(i.USART_OneBitMethodCmd), (24 bytes).
    Removing stm32f10x_usart.o(i.USART_OverSampling8Cmd), (22 bytes).
    Removing stm32f10x_usart.o(i.USART_ReceiverWakeUpCmd), (24 bytes).
    Removing stm32f10x_usart.o(i.USART_SendBreak), (10 bytes).
    Removing stm32f10x_usart.o(i.USART_SetAddress), (18 bytes).
    Removing stm32f10x_usart.o(i.USART_SetGuardTime), (16 bytes).
    Removing stm32f10x_usart.o(i.USART_SetPrescaler), (16 bytes).
    Removing stm32f10x_usart.o(i.USART_SmartCardCmd), (24 bytes).
    Removing stm32f10x_usart.o(i.USART_SmartCardNACKCmd), (24 bytes).
    Removing stm32f10x_usart.o(i.USART_StructInit), (24 bytes).
    Removing stm32f10x_usart.o(i.USART_WakeUpConfig), (18 bytes).
    Removing stm32f10x_iwdg.o(i.IWDG_Enable), (16 bytes).
    Removing stm32f10x_iwdg.o(i.IWDG_GetFlagStatus), (24 bytes).
    Removing stm32f10x_iwdg.o(i.IWDG_ReloadCounter), (16 bytes).
    Removing stm32f10x_iwdg.o(i.IWDG_SetPrescaler), (12 bytes).
    Removing stm32f10x_iwdg.o(i.IWDG_SetReload), (12 bytes).
    Removing stm32f10x_iwdg.o(i.IWDG_WriteAccessCmd), (12 bytes).
    Removing stm32f10x_wwdg.o(i.WWDG_ClearFlag), (12 bytes).
    Removing stm32f10x_wwdg.o(i.WWDG_DeInit), (22 bytes).
    Removing stm32f10x_wwdg.o(i.WWDG_Enable), (16 bytes).
    Removing stm32f10x_wwdg.o(i.WWDG_EnableIT), (12 bytes).
    Removing stm32f10x_wwdg.o(i.WWDG_GetFlagStatus), (12 bytes).
    Removing stm32f10x_wwdg.o(i.WWDG_SetCounter), (16 bytes).
    Removing stm32f10x_wwdg.o(i.WWDG_SetPrescaler), (24 bytes).
    Removing stm32f10x_wwdg.o(i.WWDG_SetWindowValue), (40 bytes).
    Removing stm32f10x_bkp.o(i.BKP_ClearFlag), (20 bytes).
    Removing stm32f10x_bkp.o(i.BKP_ClearITPendingBit), (20 bytes).
    Removing stm32f10x_bkp.o(i.BKP_DeInit), (16 bytes).
    Removing stm32f10x_bkp.o(i.BKP_GetFlagStatus), (12 bytes).
    Removing stm32f10x_bkp.o(i.BKP_GetITStatus), (12 bytes).
    Removing stm32f10x_bkp.o(i.BKP_ITConfig), (12 bytes).
    Removing stm32f10x_bkp.o(i.BKP_RTCOutputConfig), (28 bytes).
    Removing stm32f10x_bkp.o(i.BKP_ReadBackupRegister), (28 bytes).
    Removing stm32f10x_bkp.o(i.BKP_SetRTCCalibrationValue), (28 bytes).
    Removing stm32f10x_bkp.o(i.BKP_TamperPinCmd), (12 bytes).
    Removing stm32f10x_bkp.o(i.BKP_TamperPinLevelConfig), (12 bytes).
    Removing stm32f10x_bkp.o(i.BKP_WriteBackupRegister), (28 bytes).
    Removing stm32f10x_pwr.o(i.PWR_BackupAccessCmd), (12 bytes).
    Removing stm32f10x_pwr.o(i.PWR_ClearFlag), (20 bytes).
    Removing stm32f10x_pwr.o(i.PWR_DeInit), (22 bytes).
    Removing stm32f10x_pwr.o(i.PWR_EnterSTANDBYMode), (52 bytes).
    Removing stm32f10x_pwr.o(i.PWR_EnterSTOPMode), (64 bytes).
    Removing stm32f10x_pwr.o(i.PWR_GetFlagStatus), (24 bytes).
    Removing stm32f10x_pwr.o(i.PWR_PVDCmd), (12 bytes).
    Removing stm32f10x_pwr.o(i.PWR_PVDLevelConfig), (24 bytes).
    Removing stm32f10x_pwr.o(i.PWR_WakeUpPinCmd), (12 bytes).
    Removing stm32f10x_adc.o(i.ADC_AnalogWatchdogCmd), (20 bytes).
    Removing stm32f10x_adc.o(i.ADC_AnalogWatchdogSingleChannelConfig), (16 bytes).
    Removing stm32f10x_adc.o(i.ADC_AnalogWatchdogThresholdsConfig), (6 bytes).
    Removing stm32f10x_adc.o(i.ADC_AutoInjectedConvCmd), (22 bytes).
    Removing stm32f10x_adc.o(i.ADC_ClearFlag), (6 bytes).
    Removing stm32f10x_adc.o(i.ADC_ClearITPendingBit), (10 bytes).
    Removing stm32f10x_adc.o(i.ADC_DMACmd), (22 bytes).
    Removing stm32f10x_adc.o(i.ADC_DeInit), (92 bytes).
    Removing stm32f10x_adc.o(i.ADC_DiscModeChannelCountConfig), (24 bytes).
    Removing stm32f10x_adc.o(i.ADC_DiscModeCmd), (22 bytes).
    Removing stm32f10x_adc.o(i.ADC_ExternalTrigConvCmd), (22 bytes).
    Removing stm32f10x_adc.o(i.ADC_ExternalTrigInjectedConvCmd), (22 bytes).
    Removing stm32f10x_adc.o(i.ADC_ExternalTrigInjectedConvConfig), (16 bytes).
    Removing stm32f10x_adc.o(i.ADC_GetDualModeConversionValue), (12 bytes).
    Removing stm32f10x_adc.o(i.ADC_GetITStatus), (36 bytes).
    Removing stm32f10x_adc.o(i.ADC_GetInjectedConversionValue), (28 bytes).
    Removing stm32f10x_adc.o(i.ADC_GetSoftwareStartConvStatus), (20 bytes).
    Removing stm32f10x_adc.o(i.ADC_GetSoftwareStartInjectedConvCmdStatus), (20 bytes).
    Removing stm32f10x_adc.o(i.ADC_ITConfig), (24 bytes).
    Removing stm32f10x_adc.o(i.ADC_InjectedChannelConfig), (130 bytes).
    Removing stm32f10x_adc.o(i.ADC_InjectedDiscModeCmd), (22 bytes).
    Removing stm32f10x_adc.o(i.ADC_InjectedSequencerLengthConfig), (24 bytes).
    Removing stm32f10x_adc.o(i.ADC_SetInjectedOffset), (20 bytes).
    Removing stm32f10x_adc.o(i.ADC_SoftwareStartInjectedConvCmd), (22 bytes).
    Removing stm32f10x_adc.o(i.ADC_StructInit), (18 bytes).
    Removing stm32f10x_adc.o(i.ADC_TempSensorVrefintCmd), (36 bytes).
    Removing system_stm32f10x.o(i.SystemCoreClockUpdate), (164 bytes).
    Removing system_stm32f10x.o(.data), (20 bytes).
    Removing core_cm3.o(.emb_text), (32 bytes).
    Removing led.o(i.LED_Write_Data), (68 bytes).
    Removing smg.o(i.SMG_Display), (256 bytes).
    Removing smg.o(i.SMG_Write_Data), (68 bytes).
    Removing smg.o(.data), (17 bytes).
    Removing iic.o(i.IIC_Ack), (56 bytes).
    Removing iic.o(i.IIC_NAck), (56 bytes).
    Removing iic.o(i.IIC_Read_Byte), (88 bytes).
    Removing oled.o(i.OLED_Display_Off), (28 bytes).
    Removing oled.o(i.OLED_Display_On), (28 bytes).
    Removing oled.o(i.OLED_DrawBMP), (120 bytes).
    Removing oled.o(i.OLED_DrawLine), (192 bytes).
    Removing oled.o(i.OLED_DrawRectangle), (74 bytes).
    Removing oled.o(i.OLED_Draw_Bigpoint), (80 bytes).
    Removing oled.o(i.OLED_Draw_Circle), (186 bytes).
    Removing oled.o(i.OLED_Draw_ellipse), (340 bytes).
    Removing oled.o(i.OLED_Draw_hline), (44 bytes).
    Removing oled.o(i.OLED_Draw_vline), (44 bytes).
    Removing oled.o(i.OLED_Fill), (54 bytes).
    Removing oled.o(i.OLED_Fill_circle), (186 bytes).
    Removing oled.o(i.OLED_Fill_rectangle), (52 bytes).
    Removing oled.o(i.OLED_Set_Pos), (46 bytes).
    Removing oled.o(i.OLED_ShowFontHZ), (236 bytes).
    Removing wifi_function.o(i.ESP8266_AP_TCP_Server), (460 bytes).
    Removing wifi_function.o(i.ESP8266_AT_Test), (56 bytes).
    Removing wifi_function.o(i.ESP8266_BuildAP), (72 bytes).
    Removing wifi_function.o(i.ESP8266_Enable_MultipleId), (64 bytes).
    Removing wifi_function.o(i.ESP8266_JoinAP), (64 bytes).
    Removing wifi_function.o(i.ESP8266_Link_Server), (192 bytes).
    Removing wifi_function.o(i.ESP8266_Net_Mode_Choose), (120 bytes).
    Removing wifi_function.o(i.ESP8266_ReceiveString), (116 bytes).
    Removing wifi_function.o(i.ESP8266_Rst), (32 bytes).
    Removing wifi_function.o(i.ESP8266_STA_TCP_Client), (412 bytes).
    Removing wifi_function.o(i.ESP8266_SendString), (156 bytes).
    Removing wifi_function.o(i.ESP8266_StaTcpClient_ApTcpServer), (768 bytes).
    Removing wifi_function.o(i.ESP8266_StartOrShutServer), (144 bytes).
    Removing wifi_function.o(i.ESP8266_UnvarnishSend), (84 bytes).
    Removing wifi_function.o(.conststring), (1389 bytes).
    Removing dadd.o(.text), (334 bytes).
    Removing dmul.o(.text), (228 bytes).
    Removing ddiv.o(.text), (222 bytes).
    Removing dfixul.o(.text), (48 bytes).
    Removing cdrcmple.o(.text), (48 bytes).
    Removing depilogue.o(.text), (186 bytes).

272 unused section(s) (total 15608 bytes) removed from the image.

==============================================================================

Image Symbol Table

    Local Symbols

    Symbol Name                              Value     Ov Type        Size  Object(Section)

    ../clib/microlib/ctype/ctype.c           0x00000000   Number         0  isspace_c.o ABSOLUTE
    ../clib/microlib/ctype/ctype.c           0x00000000   Number         0  ctype_c.o ABSOLUTE
    ../clib/microlib/division.c              0x00000000   Number         0  uldiv.o ABSOLUTE
    ../clib/microlib/division.c              0x00000000   Number         0  uidiv.o ABSOLUTE
    ../clib/microlib/init/entry.s            0x00000000   Number         0  entry7b.o ABSOLUTE
    ../clib/microlib/init/entry.s            0x00000000   Number         0  entry8a.o ABSOLUTE
    ../clib/microlib/init/entry.s            0x00000000   Number         0  entry8b.o ABSOLUTE
    ../clib/microlib/init/entry.s            0x00000000   Number         0  entry2.o ABSOLUTE
    ../clib/microlib/init/entry.s            0x00000000   Number         0  entry9b.o ABSOLUTE
    ../clib/microlib/init/entry.s            0x00000000   Number         0  entry10a.o ABSOLUTE
    ../clib/microlib/init/entry.s            0x00000000   Number         0  entry.o ABSOLUTE
    ../clib/microlib/init/entry.s            0x00000000   Number         0  entry10b.o ABSOLUTE
    ../clib/microlib/init/entry.s            0x00000000   Number         0  entry11a.o ABSOLUTE
    ../clib/microlib/init/entry.s            0x00000000   Number         0  entry5.o ABSOLUTE
    ../clib/microlib/init/entry.s            0x00000000   Number         0  entry9a.o ABSOLUTE
    ../clib/microlib/init/entry.s            0x00000000   Number         0  entry7a.o ABSOLUTE
    ../clib/microlib/init/entry.s            0x00000000   Number         0  entry11b.o ABSOLUTE
    ../clib/microlib/longlong.c              0x00000000   Number         0  llushr.o ABSOLUTE
    ../clib/microlib/longlong.c              0x00000000   Number         0  llshl.o ABSOLUTE
    ../clib/microlib/longlong.c              0x00000000   Number         0  llsshr.o ABSOLUTE
    ../clib/microlib/printf/printf.c         0x00000000   Number         0  printfb.o ABSOLUTE
    ../clib/microlib/printf/printf.c         0x00000000   Number         0  printf0.o ABSOLUTE
    ../clib/microlib/printf/printf.c         0x00000000   Number         0  printf1.o ABSOLUTE
    ../clib/microlib/printf/printf.c         0x00000000   Number         0  printf5.o ABSOLUTE
    ../clib/microlib/printf/printf.c         0x00000000   Number         0  printf7.o ABSOLUTE
    ../clib/microlib/printf/printf.c         0x00000000   Number         0  printf8.o ABSOLUTE
    ../clib/microlib/printf/printf.c         0x00000000   Number         0  printfa.o ABSOLUTE
    ../clib/microlib/printf/printf.c         0x00000000   Number         0  printf3.o ABSOLUTE
    ../clib/microlib/printf/printf.c         0x00000000   Number         0  printf6.o ABSOLUTE
    ../clib/microlib/printf/printf.c         0x00000000   Number         0  printf4.o ABSOLUTE
    ../clib/microlib/printf/printf.c         0x00000000   Number         0  printf2.o ABSOLUTE
    ../clib/microlib/printf/stubs.s          0x00000000   Number         0  stubs.o ABSOLUTE
    ../clib/microlib/stdio/fgetc.c           0x00000000   Number         0  fgetc_ub.o ABSOLUTE
    ../clib/microlib/stdio/fgetc.c           0x00000000   Number         0  fgetc_b.o ABSOLUTE
    ../clib/microlib/stdio/fgetc.c           0x00000000   Number         0  fgetc_u.o ABSOLUTE
    ../clib/microlib/stdio/fgetc.c           0x00000000   Number         0  fgetc.o ABSOLUTE
    ../clib/microlib/stdio/semi.s            0x00000000   Number         0  semi.o ABSOLUTE
    ../clib/microlib/stdio/streams.c         0x00000000   Number         0  stdout.o ABSOLUTE
    ../clib/microlib/stdio/streams.c         0x00000000   Number         0  stdin.o ABSOLUTE
    ../clib/microlib/string/memset.c         0x00000000   Number         0  memseta.o ABSOLUTE
    ../clib/microlib/string/strlen.c         0x00000000   Number         0  strlen.o ABSOLUTE
    ../clib/microlib/string/strstr.c         0x00000000   Number         0  strstr.o ABSOLUTE
    ../clib/microlib/string/strtok.c         0x00000000   Number         0  strtok.o ABSOLUTE
    ../clib/microlib/string/strtok.c         0x00000000   Number         0  strtok_r.o ABSOLUTE
    ../clib/microlib/stubs.s                 0x00000000   Number         0  iusesemig.o ABSOLUTE
    ../clib/microlib/stubs.s                 0x00000000   Number         0  iusefp.o ABSOLUTE
    ../clib/scanf.c                          0x00000000   Number         0  _scanf.o ABSOLUTE
    ../clib/scanf.c                          0x00000000   Number         0  scanf_char.o ABSOLUTE
    ../clib/scanf.c                          0x00000000   Number         0  scanf_char_file.o ABSOLUTE
    ../clib/scanf.c                          0x00000000   Number         0  __0scanf.o ABSOLUTE
    ../clib/scanf.c                          0x00000000   Number         0  _scanf_str.o ABSOLUTE
    ../fplib/microlib/fpadd.c                0x00000000   Number         0  dadd.o ABSOLUTE
    ../fplib/microlib/fpdiv.c                0x00000000   Number         0  ddiv.o ABSOLUTE
    ../fplib/microlib/fpepilogue.c           0x00000000   Number         0  depilogue.o ABSOLUTE
    ../fplib/microlib/fpfix.c                0x00000000   Number         0  dfixul.o ABSOLUTE
    ../fplib/microlib/fpmul.c                0x00000000   Number         0  dmul.o ABSOLUTE
    APP\adc\adc.c                            0x00000000   Number         0  adc.o ABSOLUTE
    APP\beep\beep.c                          0x00000000   Number         0  beep.o ABSOLUTE
    APP\dht11\dht11.c                        0x00000000   Number         0  dht11.o ABSOLUTE
    APP\esp8266\wifi_config.c                0x00000000   Number         0  wifi_config.o ABSOLUTE
    APP\esp8266\wifi_function.c              0x00000000   Number         0  wifi_function.o ABSOLUTE
    APP\iic\iic.c                            0x00000000   Number         0  iic.o ABSOLUTE
    APP\key\key.c                            0x00000000   Number         0  key.o ABSOLUTE
    APP\led\led.c                            0x00000000   Number         0  led.o ABSOLUTE
    APP\oled\oled.c                          0x00000000   Number         0  oled.o ABSOLUTE
    APP\smg\smg.c                            0x00000000   Number         0  smg.o ABSOLUTE
    Libraries\CMSIS\core_cm3.c               0x00000000   Number         0  core_cm3.o ABSOLUTE
    Libraries\CMSIS\startup_stm32f10x_md.s   0x00000000   Number         0  startup_stm32f10x_md.o ABSOLUTE
    Libraries\CMSIS\system_stm32f10x.c       0x00000000   Number         0  system_stm32f10x.o ABSOLUTE
    Libraries\STM32F10x_StdPeriph_Driver\src\misc.c 0x00000000   Number         0  misc.o ABSOLUTE
    Libraries\STM32F10x_StdPeriph_Driver\src\stm32f10x_adc.c 0x00000000   Number         0  stm32f10x_adc.o ABSOLUTE
    Libraries\STM32F10x_StdPeriph_Driver\src\stm32f10x_bkp.c 0x00000000   Number         0  stm32f10x_bkp.o ABSOLUTE
    Libraries\STM32F10x_StdPeriph_Driver\src\stm32f10x_exti.c 0x00000000   Number         0  stm32f10x_exti.o ABSOLUTE
    Libraries\STM32F10x_StdPeriph_Driver\src\stm32f10x_gpio.c 0x00000000   Number         0  stm32f10x_gpio.o ABSOLUTE
    Libraries\STM32F10x_StdPeriph_Driver\src\stm32f10x_iwdg.c 0x00000000   Number         0  stm32f10x_iwdg.o ABSOLUTE
    Libraries\STM32F10x_StdPeriph_Driver\src\stm32f10x_pwr.c 0x00000000   Number         0  stm32f10x_pwr.o ABSOLUTE
    Libraries\STM32F10x_StdPeriph_Driver\src\stm32f10x_rcc.c 0x00000000   Number         0  stm32f10x_rcc.o ABSOLUTE
    Libraries\STM32F10x_StdPeriph_Driver\src\stm32f10x_tim.c 0x00000000   Number         0  stm32f10x_tim.o ABSOLUTE
    Libraries\STM32F10x_StdPeriph_Driver\src\stm32f10x_usart.c 0x00000000   Number         0  stm32f10x_usart.o ABSOLUTE
    Libraries\STM32F10x_StdPeriph_Driver\src\stm32f10x_wwdg.c 0x00000000   Number         0  stm32f10x_wwdg.o ABSOLUTE
    Libraries\\CMSIS\\core_cm3.c             0x00000000   Number         0  core_cm3.o ABSOLUTE
    Public\SysTick.c                         0x00000000   Number         0  systick.o ABSOLUTE
    Public\system.c                          0x00000000   Number         0  system.o ABSOLUTE
    Public\usart.c                           0x00000000   Number         0  usart.o ABSOLUTE
    User\main.c                              0x00000000   Number         0  main.o ABSOLUTE
    User\stm32f10x_it.c                      0x00000000   Number         0  stm32f10x_it.o ABSOLUTE
    cdrcmple.s                               0x00000000   Number         0  cdrcmple.o ABSOLUTE
    dc.s                                     0x00000000   Number         0  dc.o ABSOLUTE
    handlers.s                               0x00000000   Number         0  handlers.o ABSOLUTE
    init.s                                   0x00000000   Number         0  init.o ABSOLUTE
    RESET                                    0x08000000   Section      236  startup_stm32f10x_md.o(RESET)
    .ARM.Collect$$$$00000000                 0x080000ec   Section        0  entry.o(.ARM.Collect$$$$00000000)
    .ARM.Collect$$$$00000001                 0x080000ec   Section        4  entry2.o(.ARM.Collect$$$$00000001)
    .ARM.Collect$$$$00000004                 0x080000f0   Section        4  entry5.o(.ARM.Collect$$$$00000004)
    .ARM.Collect$$$$00000008                 0x080000f4   Section        0  entry7b.o(.ARM.Collect$$$$00000008)
    .ARM.Collect$$$$0000000A                 0x080000f4   Section        0  entry8b.o(.ARM.Collect$$$$0000000A)
    .ARM.Collect$$$$0000000B                 0x080000f4   Section        8  entry9a.o(.ARM.Collect$$$$0000000B)
    .ARM.Collect$$$$0000000D                 0x080000fc   Section        0  entry10a.o(.ARM.Collect$$$$0000000D)
    .ARM.Collect$$$$0000000F                 0x080000fc   Section        0  entry11a.o(.ARM.Collect$$$$0000000F)
    .ARM.Collect$$$$00002712                 0x080000fc   Section        4  entry2.o(.ARM.Collect$$$$00002712)
    __lit__00000000                          0x080000fc   Data           4  entry2.o(.ARM.Collect$$$$00002712)
    .text                                    0x08000100   Section       36  startup_stm32f10x_md.o(.text)
    .text                                    0x08000124   Section        0  strstr.o(.text)
    .text                                    0x08000148   Section        0  uidiv.o(.text)
    .text                                    0x08000174   Section       36  init.o(.text)
    i.ADC_Cmd                                0x08000198   Section        0  stm32f10x_adc.o(i.ADC_Cmd)
    i.ADC_GetCalibrationStatus               0x080001ae   Section        0  stm32f10x_adc.o(i.ADC_GetCalibrationStatus)
    i.ADC_GetConversionValue                 0x080001c2   Section        0  stm32f10x_adc.o(i.ADC_GetConversionValue)
    i.ADC_GetFlagStatus                      0x080001ca   Section        0  stm32f10x_adc.o(i.ADC_GetFlagStatus)
    i.ADC_GetResetCalibrationStatus          0x080001dc   Section        0  stm32f10x_adc.o(i.ADC_GetResetCalibrationStatus)
    i.ADC_Init                               0x080001f0   Section        0  stm32f10x_adc.o(i.ADC_Init)
    i.ADC_RegularChannelConfig               0x08000240   Section        0  stm32f10x_adc.o(i.ADC_RegularChannelConfig)
    i.ADC_ResetCalibration                   0x080002f8   Section        0  stm32f10x_adc.o(i.ADC_ResetCalibration)
    i.ADC_SoftwareStartConvCmd               0x08000302   Section        0  stm32f10x_adc.o(i.ADC_SoftwareStartConvCmd)
    i.ADC_StartCalibration                   0x08000318   Section        0  stm32f10x_adc.o(i.ADC_StartCalibration)
    i.ADCx_Init                              0x08000324   Section        0  adc.o(i.ADCx_Init)
    i.BEEP_Alarm                             0x080003b8   Section        0  beep.o(i.BEEP_Alarm)
    i.BEEP_Init                              0x080003e8   Section        0  beep.o(i.BEEP_Init)
    i.BusFault_Handler                       0x0800041c   Section        0  stm32f10x_it.o(i.BusFault_Handler)
    i.DHT11_Check                            0x08000420   Section        0  dht11.o(i.DHT11_Check)
    i.DHT11_IO_IN                            0x08000470   Section        0  dht11.o(i.DHT11_IO_IN)
    i.DHT11_IO_OUT                           0x08000490   Section        0  dht11.o(i.DHT11_IO_OUT)
    i.DHT11_Init                             0x080004b4   Section        0  dht11.o(i.DHT11_Init)
    i.DHT11_Read_Bit                         0x080004f4   Section        0  dht11.o(i.DHT11_Read_Bit)
    i.DHT11_Read_Byte                        0x08000540   Section        0  dht11.o(i.DHT11_Read_Byte)
    i.DHT11_Read_Data                        0x0800055e   Section        0  dht11.o(i.DHT11_Read_Data)
    i.DHT11_Rst                              0x080005b8   Section        0  dht11.o(i.DHT11_Rst)
    i.DebugMon_Handler                       0x080005e4   Section        0  stm32f10x_it.o(i.DebugMon_Handler)
    i.ESP8266_Choose                         0x080005e8   Section        0  wifi_function.o(i.ESP8266_Choose)
    i.ESP8266_Cmd                            0x0800060c   Section        0  wifi_function.o(i.ESP8266_Cmd)
    i.GPIO_Init                              0x080006c4   Section        0  stm32f10x_gpio.o(i.GPIO_Init)
    i.GPIO_PinRemapConfig                    0x080007dc   Section        0  stm32f10x_gpio.o(i.GPIO_PinRemapConfig)
    i.GPIO_ResetBits                         0x0800086c   Section        0  stm32f10x_gpio.o(i.GPIO_ResetBits)
    i.GPIO_SetBits                           0x08000870   Section        0  stm32f10x_gpio.o(i.GPIO_SetBits)
    i.Get_ADC_Value                          0x08000874   Section        0  adc.o(i.Get_ADC_Value)
    i.HardFault_Handler                      0x080008c8   Section        0  stm32f10x_it.o(i.HardFault_Handler)
    i.IIC_Init                               0x080008cc   Section        0  iic.o(i.IIC_Init)
    i.IIC_Send_Byte                          0x08000918   Section        0  iic.o(i.IIC_Send_Byte)
    i.IIC_Start                              0x0800097c   Section        0  iic.o(i.IIC_Start)
    i.IIC_Stop                               0x080009b4   Section        0  iic.o(i.IIC_Stop)
    i.IIC_Wait_Ack                           0x080009ec   Section        0  iic.o(i.IIC_Wait_Ack)
    i.KEY_Init                               0x08000a38   Section        0  key.o(i.KEY_Init)
    i.KEY_Scan                               0x08000ac8   Section        0  key.o(i.KEY_Scan)
    i.LED_Init                               0x08000b6c   Section        0  led.o(i.LED_Init)
    i.MemManage_Handler                      0x08000c98   Section        0  stm32f10x_it.o(i.MemManage_Handler)
    i.NMI_Handler                            0x08000c9c   Section        0  stm32f10x_it.o(i.NMI_Handler)
    i.NVIC_Init                              0x08000ca0   Section        0  misc.o(i.NVIC_Init)
    i.NVIC_PriorityGroupConfig               0x08000d10   Section        0  misc.o(i.NVIC_PriorityGroupConfig)
    i.OLED_Clear                             0x08000d24   Section        0  oled.o(i.OLED_Clear)
    i.OLED_DrawPoint                         0x08000d54   Section        0  oled.o(i.OLED_DrawPoint)
    i.OLED_Init                              0x08000dbc   Section        0  oled.o(i.OLED_Init)
    i.OLED_Refresh_Gram                      0x08000e90   Section        0  oled.o(i.OLED_Refresh_Gram)
    i.OLED_ShowChar                          0x08000ed8   Section        0  oled.o(i.OLED_ShowChar)
    i.OLED_ShowNum                           0x08000fe4   Section        0  oled.o(i.OLED_ShowNum)
    i.OLED_ShowString                        0x08001078   Section        0  oled.o(i.OLED_ShowString)
    i.OLED_WR_Byte                           0x080010d6   Section        0  oled.o(i.OLED_WR_Byte)
    i.PendSV_Handler                         0x080010ee   Section        0  stm32f10x_it.o(i.PendSV_Handler)
    i.RCC_ADCCLKConfig                       0x080010f0   Section        0  stm32f10x_rcc.o(i.RCC_ADCCLKConfig)
    i.RCC_APB1PeriphClockCmd                 0x08001108   Section        0  stm32f10x_rcc.o(i.RCC_APB1PeriphClockCmd)
    i.RCC_APB2PeriphClockCmd                 0x08001128   Section        0  stm32f10x_rcc.o(i.RCC_APB2PeriphClockCmd)
    i.RCC_GetClocksFreq                      0x08001148   Section        0  stm32f10x_rcc.o(i.RCC_GetClocksFreq)
    i.SDA_IN                                 0x0800121c   Section        0  iic.o(i.SDA_IN)
    i.SDA_OUT                                0x08001238   Section        0  iic.o(i.SDA_OUT)
    i.SMG_Init                               0x0800125c   Section        0  smg.o(i.SMG_Init)
    i.SVC_Handler                            0x080012ec   Section        0  stm32f10x_it.o(i.SVC_Handler)
    i.SetSysClock                            0x080012ee   Section        0  system_stm32f10x.o(i.SetSysClock)
    SetSysClock                              0x080012ef   Thumb Code     8  system_stm32f10x.o(i.SetSysClock)
    i.SetSysClockTo72                        0x080012f8   Section        0  system_stm32f10x.o(i.SetSysClockTo72)
    SetSysClockTo72                          0x080012f9   Thumb Code   214  system_stm32f10x.o(i.SetSysClockTo72)
    i.SysTick_CLKSourceConfig                0x080013d8   Section        0  misc.o(i.SysTick_CLKSourceConfig)
    i.SysTick_Handler                        0x08001400   Section        0  stm32f10x_it.o(i.SysTick_Handler)
    i.SysTick_Init                           0x08001404   Section        0  systick.o(i.SysTick_Init)
    i.SystemInit                             0x08001440   Section        0  system_stm32f10x.o(i.SystemInit)
    i.USART1_IRQHandler                      0x080014a0   Section        0  usart.o(i.USART1_IRQHandler)
    i.USART1_Init                            0x08001528   Section        0  usart.o(i.USART1_Init)
    i.USART3_IRQHandler                      0x080015d8   Section        0  wifi_config.o(i.USART3_IRQHandler)
    i.USART3_printf                          0x08001654   Section        0  wifi_config.o(i.USART3_printf)
    i.USART_ClearFlag                        0x0800175a   Section        0  stm32f10x_usart.o(i.USART_ClearFlag)
    i.USART_Cmd                              0x0800176c   Section        0  stm32f10x_usart.o(i.USART_Cmd)
    i.USART_GetFlagStatus                    0x08001784   Section        0  stm32f10x_usart.o(i.USART_GetFlagStatus)
    i.USART_GetITStatus                      0x0800179e   Section        0  stm32f10x_usart.o(i.USART_GetITStatus)
    i.USART_ITConfig                         0x080017f2   Section        0  stm32f10x_usart.o(i.USART_ITConfig)
    i.USART_Init                             0x0800183c   Section        0  stm32f10x_usart.o(i.USART_Init)
    i.USART_ReceiveData                      0x08001914   Section        0  stm32f10x_usart.o(i.USART_ReceiveData)
    i.USART_SendData                         0x0800191e   Section        0  stm32f10x_usart.o(i.USART_SendData)
    i.UsageFault_Handler                     0x08001926   Section        0  stm32f10x_it.o(i.UsageFault_Handler)
    i.WiFi_Config                            0x0800192c   Section        0  wifi_config.o(i.WiFi_Config)
    i.__0printf$3                            0x08001a48   Section        0  printf3.o(i.__0printf$3)
    i.__0snprintf$3                          0x08001a68   Section        0  printf3.o(i.__0snprintf$3)
    i.__scatterload_copy                     0x08001a98   Section       14  handlers.o(i.__scatterload_copy)
    i.__scatterload_null                     0x08001aa6   Section        2  handlers.o(i.__scatterload_null)
    i.__scatterload_zeroinit                 0x08001aa8   Section       14  handlers.o(i.__scatterload_zeroinit)
    i._printf_core                           0x08001ab8   Section        0  printf3.o(i._printf_core)
    _printf_core                             0x08001ab9   Thumb Code   436  printf3.o(i._printf_core)
    i._snputc                                0x08001c70   Section        0  printf3.o(i._snputc)
    _snputc                                  0x08001c71   Thumb Code    22  printf3.o(i._snputc)
    i.beep_chek                              0x08001c88   Section        0  main.o(i.beep_chek)
    i.data_pros                              0x08001cd0   Section        0  main.o(i.data_pros)
    i.delay_ms                               0x08001f14   Section        0  systick.o(i.delay_ms)
    i.delay_us                               0x08001f60   Section        0  systick.o(i.delay_us)
    i.fputc                                  0x08001fac   Section        0  usart.o(i.fputc)
    i.itoa                                   0x08001fd0   Section        0  wifi_config.o(i.itoa)
    itoa                                     0x08001fd1   Thumb Code    98  wifi_config.o(i.itoa)
    i.main                                   0x08002034   Section        0  main.o(i.main)
    i.oled_pow                               0x08002318   Section        0  oled.o(i.oled_pow)
    i.send_properties_report                 0x08002330   Section        0  main.o(i.send_properties_report)
    i.setup_wifi_and_mqtt                    0x080023f8   Section        0  main.o(i.setup_wifi_and_mqtt)
    i.write_iic_cmd                          0x08002794   Section        0  oled.o(i.write_iic_cmd)
    i.write_iic_data                         0x080027c0   Section        0  oled.o(i.write_iic_data)
    .constdata                               0x080027ec   Section     6144  oled.o(.constdata)
    .conststring                             0x08003fec   Section      299  main.o(.conststring)
    .data                                    0x20000000   Section       48  main.o(.data)
    index                                    0x20000024   Data           1  main.o(.data)
    .data                                    0x20000030   Section       20  stm32f10x_rcc.o(.data)
    APBAHBPrescTable                         0x20000030   Data          16  stm32f10x_rcc.o(.data)
    ADCPrescTable                            0x20000040   Data           4  stm32f10x_rcc.o(.data)
    .data                                    0x20000044   Section        1  key.o(.data)
    key                                      0x20000044   Data           1  key.o(.data)
    .data                                    0x20000046   Section        4  systick.o(.data)
    fac_us                                   0x20000046   Data           1  systick.o(.data)
    fac_ms                                   0x20000048   Data           2  systick.o(.data)
    .data                                    0x2000004a   Section        2  usart.o(.data)
    .data                                    0x2000004c   Section        4  stdout.o(.data)
    .bss                                     0x20000050   Section     1300  main.o(.bss)
    co_history                               0x20000550   Data          10  main.o(.bss)
    smoke_history                            0x2000055a   Data          10  main.o(.bss)
    .bss                                     0x20000564   Section     1024  oled.o(.bss)
    .bss                                     0x20000964   Section     1026  wifi_config.o(.bss)
    .bss                                     0x20000d66   Section      200  usart.o(.bss)
    STACK                                    0x20000e30   Section     1024  startup_stm32f10x_md.o(STACK)

    Global Symbols

    Symbol Name                              Value     Ov Type        Size  Object(Section)

    BuildAttributes$$THM_ISAv4$P$D$K$B$S$PE$A:L22UL41UL21$X:L11$S22US41US21$IEEE1$IW$USESV6$~STKCKD$USESV7$~SHL$OSPACE$ROPI$EBA8$MICROLIB$REQ8$PRES8$EABIv2 0x00000000   Number         0  anon$$obj.o ABSOLUTE
    __ARM_use_no_argv                        0x00000000   Number         0  main.o ABSOLUTE
    _printf_a                                0x00000000   Number         0  stubs.o ABSOLUTE
    _printf_c                                0x00000000   Number         0  stubs.o ABSOLUTE
    _printf_charcount                        0x00000000   Number         0  stubs.o ABSOLUTE
    _printf_d                                0x00000000   Number         0  stubs.o ABSOLUTE
    _printf_e                                0x00000000   Number         0  stubs.o ABSOLUTE
    _printf_f                                0x00000000   Number         0  stubs.o ABSOLUTE
    _printf_flags                            0x00000000   Number         0  stubs.o ABSOLUTE
    _printf_fp_dec                           0x00000000   Number         0  stubs.o ABSOLUTE
    _printf_fp_hex                           0x00000000   Number         0  stubs.o ABSOLUTE
    _printf_g                                0x00000000   Number         0  stubs.o ABSOLUTE
    _printf_i                                0x00000000   Number         0  stubs.o ABSOLUTE
    _printf_int_dec                          0x00000000   Number         0  stubs.o ABSOLUTE
    _printf_l                                0x00000000   Number         0  stubs.o ABSOLUTE
    _printf_lc                               0x00000000   Number         0  stubs.o ABSOLUTE
    _printf_ll                               0x00000000   Number         0  stubs.o ABSOLUTE
    _printf_lld                              0x00000000   Number         0  stubs.o ABSOLUTE
    _printf_lli                              0x00000000   Number         0  stubs.o ABSOLUTE
    _printf_llo                              0x00000000   Number         0  stubs.o ABSOLUTE
    _printf_llu                              0x00000000   Number         0  stubs.o ABSOLUTE
    _printf_llx                              0x00000000   Number         0  stubs.o ABSOLUTE
    _printf_longlong_dec                     0x00000000   Number         0  stubs.o ABSOLUTE
    _printf_longlong_hex                     0x00000000   Number         0  stubs.o ABSOLUTE
    _printf_longlong_oct                     0x00000000   Number         0  stubs.o ABSOLUTE
    _printf_ls                               0x00000000   Number         0  stubs.o ABSOLUTE
    _printf_mbtowc                           0x00000000   Number         0  stubs.o ABSOLUTE
    _printf_n                                0x00000000   Number         0  stubs.o ABSOLUTE
    _printf_o                                0x00000000   Number         0  stubs.o ABSOLUTE
    _printf_p                                0x00000000   Number         0  stubs.o ABSOLUTE
    _printf_percent                          0x00000000   Number         0  stubs.o ABSOLUTE
    _printf_pre_padding                      0x00000000   Number         0  stubs.o ABSOLUTE
    _printf_return_value                     0x00000000   Number         0  stubs.o ABSOLUTE
    _printf_s                                0x00000000   Number         0  stubs.o ABSOLUTE
    _printf_sizespec                         0x00000000   Number         0  stubs.o ABSOLUTE
    _printf_str                              0x00000000   Number         0  stubs.o ABSOLUTE
    _printf_truncate_signed                  0x00000000   Number         0  stubs.o ABSOLUTE
    _printf_truncate_unsigned                0x00000000   Number         0  stubs.o ABSOLUTE
    _printf_u                                0x00000000   Number         0  stubs.o ABSOLUTE
    _printf_wc                               0x00000000   Number         0  stubs.o ABSOLUTE
    _printf_wctomb                           0x00000000   Number         0  stubs.o ABSOLUTE
    _printf_widthprec                        0x00000000   Number         0  stubs.o ABSOLUTE
    _printf_x                                0x00000000   Number         0  stubs.o ABSOLUTE
    __cpp_initialize__aeabi_                  - Undefined Weak Reference
    __cxa_finalize                            - Undefined Weak Reference
    __decompress                              - Undefined Weak Reference
    _clock_init                               - Undefined Weak Reference
    _microlib_exit                            - Undefined Weak Reference
    _scanf_int                                - Undefined Weak Reference
    _scanf_longlong                           - Undefined Weak Reference
    _scanf_real                               - Undefined Weak Reference
    __Vectors_Size                           0x000000ec   Number         0  startup_stm32f10x_md.o ABSOLUTE
    __Vectors                                0x08000000   Data           4  startup_stm32f10x_md.o(RESET)
    __Vectors_End                            0x080000ec   Data           0  startup_stm32f10x_md.o(RESET)
    __main                                   0x080000ed   Thumb Code     0  entry.o(.ARM.Collect$$$$00000000)
    _main_stk                                0x080000ed   Thumb Code     0  entry2.o(.ARM.Collect$$$$00000001)
    _main_scatterload                        0x080000f1   Thumb Code     0  entry5.o(.ARM.Collect$$$$00000004)
    __main_after_scatterload                 0x080000f5   Thumb Code     0  entry5.o(.ARM.Collect$$$$00000004)
    _main_clock                              0x080000f5   Thumb Code     0  entry7b.o(.ARM.Collect$$$$00000008)
    _main_cpp_init                           0x080000f5   Thumb Code     0  entry8b.o(.ARM.Collect$$$$0000000A)
    _main_init                               0x080000f5   Thumb Code     0  entry9a.o(.ARM.Collect$$$$0000000B)
    __rt_final_cpp                           0x080000fd   Thumb Code     0  entry10a.o(.ARM.Collect$$$$0000000D)
    __rt_final_exit                          0x080000fd   Thumb Code     0  entry11a.o(.ARM.Collect$$$$0000000F)
    Reset_Handler                            0x08000101   Thumb Code     8  startup_stm32f10x_md.o(.text)
    ADC1_2_IRQHandler                        0x0800011b   Thumb Code     0  startup_stm32f10x_md.o(.text)
    CAN1_RX1_IRQHandler                      0x0800011b   Thumb Code     0  startup_stm32f10x_md.o(.text)
    CAN1_SCE_IRQHandler                      0x0800011b   Thumb Code     0  startup_stm32f10x_md.o(.text)
    DMA1_Channel1_IRQHandler                 0x0800011b   Thumb Code     0  startup_stm32f10x_md.o(.text)
    DMA1_Channel2_IRQHandler                 0x0800011b   Thumb Code     0  startup_stm32f10x_md.o(.text)
    DMA1_Channel3_IRQHandler                 0x0800011b   Thumb Code     0  startup_stm32f10x_md.o(.text)
    DMA1_Channel4_IRQHandler                 0x0800011b   Thumb Code     0  startup_stm32f10x_md.o(.text)
    DMA1_Channel5_IRQHandler                 0x0800011b   Thumb Code     0  startup_stm32f10x_md.o(.text)
    DMA1_Channel6_IRQHandler                 0x0800011b   Thumb Code     0  startup_stm32f10x_md.o(.text)
    DMA1_Channel7_IRQHandler                 0x0800011b   Thumb Code     0  startup_stm32f10x_md.o(.text)
    EXTI0_IRQHandler                         0x0800011b   Thumb Code     0  startup_stm32f10x_md.o(.text)
    EXTI15_10_IRQHandler                     0x0800011b   Thumb Code     0  startup_stm32f10x_md.o(.text)
    EXTI1_IRQHandler                         0x0800011b   Thumb Code     0  startup_stm32f10x_md.o(.text)
    EXTI2_IRQHandler                         0x0800011b   Thumb Code     0  startup_stm32f10x_md.o(.text)
    EXTI3_IRQHandler                         0x0800011b   Thumb Code     0  startup_stm32f10x_md.o(.text)
    EXTI4_IRQHandler                         0x0800011b   Thumb Code     0  startup_stm32f10x_md.o(.text)
    EXTI9_5_IRQHandler                       0x0800011b   Thumb Code     0  startup_stm32f10x_md.o(.text)
    FLASH_IRQHandler                         0x0800011b   Thumb Code     0  startup_stm32f10x_md.o(.text)
    I2C1_ER_IRQHandler                       0x0800011b   Thumb Code     0  startup_stm32f10x_md.o(.text)
    I2C1_EV_IRQHandler                       0x0800011b   Thumb Code     0  startup_stm32f10x_md.o(.text)
    I2C2_ER_IRQHandler                       0x0800011b   Thumb Code     0  startup_stm32f10x_md.o(.text)
    I2C2_EV_IRQHandler                       0x0800011b   Thumb Code     0  startup_stm32f10x_md.o(.text)
    PVD_IRQHandler                           0x0800011b   Thumb Code     0  startup_stm32f10x_md.o(.text)
    RCC_IRQHandler                           0x0800011b   Thumb Code     0  startup_stm32f10x_md.o(.text)
    RTCAlarm_IRQHandler                      0x0800011b   Thumb Code     0  startup_stm32f10x_md.o(.text)
    RTC_IRQHandler                           0x0800011b   Thumb Code     0  startup_stm32f10x_md.o(.text)
    SPI1_IRQHandler                          0x0800011b   Thumb Code     0  startup_stm32f10x_md.o(.text)
    SPI2_IRQHandler                          0x0800011b   Thumb Code     0  startup_stm32f10x_md.o(.text)
    TAMPER_IRQHandler                        0x0800011b   Thumb Code     0  startup_stm32f10x_md.o(.text)
    TIM1_BRK_IRQHandler                      0x0800011b   Thumb Code     0  startup_stm32f10x_md.o(.text)
    TIM1_CC_IRQHandler                       0x0800011b   Thumb Code     0  startup_stm32f10x_md.o(.text)
    TIM1_TRG_COM_IRQHandler                  0x0800011b   Thumb Code     0  startup_stm32f10x_md.o(.text)
    TIM1_UP_IRQHandler                       0x0800011b   Thumb Code     0  startup_stm32f10x_md.o(.text)
    TIM2_IRQHandler                          0x0800011b   Thumb Code     0  startup_stm32f10x_md.o(.text)
    TIM3_IRQHandler                          0x0800011b   Thumb Code     0  startup_stm32f10x_md.o(.text)
    TIM4_IRQHandler                          0x0800011b   Thumb Code     0  startup_stm32f10x_md.o(.text)
    USART2_IRQHandler                        0x0800011b   Thumb Code     0  startup_stm32f10x_md.o(.text)
    USBWakeUp_IRQHandler                     0x0800011b   Thumb Code     0  startup_stm32f10x_md.o(.text)
    USB_HP_CAN1_TX_IRQHandler                0x0800011b   Thumb Code     0  startup_stm32f10x_md.o(.text)
    USB_LP_CAN1_RX0_IRQHandler               0x0800011b   Thumb Code     0  startup_stm32f10x_md.o(.text)
    WWDG_IRQHandler                          0x0800011b   Thumb Code     0  startup_stm32f10x_md.o(.text)
    strstr                                   0x08000125   Thumb Code    36  strstr.o(.text)
    __aeabi_uidiv                            0x08000149   Thumb Code     0  uidiv.o(.text)
    __aeabi_uidivmod                         0x08000149   Thumb Code    44  uidiv.o(.text)
    __scatterload                            0x08000175   Thumb Code    28  init.o(.text)
    __scatterload_rt2                        0x08000175   Thumb Code     0  init.o(.text)
    ADC_Cmd                                  0x08000199   Thumb Code    22  stm32f10x_adc.o(i.ADC_Cmd)
    ADC_GetCalibrationStatus                 0x080001af   Thumb Code    20  stm32f10x_adc.o(i.ADC_GetCalibrationStatus)
    ADC_GetConversionValue                   0x080001c3   Thumb Code     8  stm32f10x_adc.o(i.ADC_GetConversionValue)
    ADC_GetFlagStatus                        0x080001cb   Thumb Code    18  stm32f10x_adc.o(i.ADC_GetFlagStatus)
    ADC_GetResetCalibrationStatus            0x080001dd   Thumb Code    20  stm32f10x_adc.o(i.ADC_GetResetCalibrationStatus)
    ADC_Init                                 0x080001f1   Thumb Code    70  stm32f10x_adc.o(i.ADC_Init)
    ADC_RegularChannelConfig                 0x08000241   Thumb Code   184  stm32f10x_adc.o(i.ADC_RegularChannelConfig)
    ADC_ResetCalibration                     0x080002f9   Thumb Code    10  stm32f10x_adc.o(i.ADC_ResetCalibration)
    ADC_SoftwareStartConvCmd                 0x08000303   Thumb Code    22  stm32f10x_adc.o(i.ADC_SoftwareStartConvCmd)
    ADC_StartCalibration                     0x08000319   Thumb Code    10  stm32f10x_adc.o(i.ADC_StartCalibration)
    ADCx_Init                                0x08000325   Thumb Code   140  adc.o(i.ADCx_Init)
    BEEP_Alarm                               0x080003b9   Thumb Code    42  beep.o(i.BEEP_Alarm)
    BEEP_Init                                0x080003e9   Thumb Code    46  beep.o(i.BEEP_Init)
    BusFault_Handler                         0x0800041d   Thumb Code     4  stm32f10x_it.o(i.BusFault_Handler)
    DHT11_Check                              0x08000421   Thumb Code    74  dht11.o(i.DHT11_Check)
    DHT11_IO_IN                              0x08000471   Thumb Code    26  dht11.o(i.DHT11_IO_IN)
    DHT11_IO_OUT                             0x08000491   Thumb Code    32  dht11.o(i.DHT11_IO_OUT)
    DHT11_Init                               0x080004b5   Thumb Code    58  dht11.o(i.DHT11_Init)
    DHT11_Read_Bit                           0x080004f5   Thumb Code    70  dht11.o(i.DHT11_Read_Bit)
    DHT11_Read_Byte                          0x08000541   Thumb Code    30  dht11.o(i.DHT11_Read_Byte)
    DHT11_Read_Data                          0x0800055f   Thumb Code    88  dht11.o(i.DHT11_Read_Data)
    DHT11_Rst                                0x080005b9   Thumb Code    34  dht11.o(i.DHT11_Rst)
    DebugMon_Handler                         0x080005e5   Thumb Code     2  stm32f10x_it.o(i.DebugMon_Handler)
    ESP8266_Choose                           0x080005e9   Thumb Code    30  wifi_function.o(i.ESP8266_Choose)
    ESP8266_Cmd                              0x0800060d   Thumb Code   164  wifi_function.o(i.ESP8266_Cmd)
    GPIO_Init                                0x080006c5   Thumb Code   278  stm32f10x_gpio.o(i.GPIO_Init)
    GPIO_PinRemapConfig                      0x080007dd   Thumb Code   138  stm32f10x_gpio.o(i.GPIO_PinRemapConfig)
    GPIO_ResetBits                           0x0800086d   Thumb Code     4  stm32f10x_gpio.o(i.GPIO_ResetBits)
    GPIO_SetBits                             0x08000871   Thumb Code     4  stm32f10x_gpio.o(i.GPIO_SetBits)
    Get_ADC_Value                            0x08000875   Thumb Code    80  adc.o(i.Get_ADC_Value)
    HardFault_Handler                        0x080008c9   Thumb Code     4  stm32f10x_it.o(i.HardFault_Handler)
    IIC_Init                                 0x080008cd   Thumb Code    64  iic.o(i.IIC_Init)
    IIC_Send_Byte                            0x08000919   Thumb Code    90  iic.o(i.IIC_Send_Byte)
    IIC_Start                                0x0800097d   Thumb Code    46  iic.o(i.IIC_Start)
    IIC_Stop                                 0x080009b5   Thumb Code    46  iic.o(i.IIC_Stop)
    IIC_Wait_Ack                             0x080009ed   Thumb Code    68  iic.o(i.IIC_Wait_Ack)
    KEY_Init                                 0x08000a39   Thumb Code   130  key.o(i.KEY_Init)
    KEY_Scan                                 0x08000ac9   Thumb Code   154  key.o(i.KEY_Scan)
    LED_Init                                 0x08000b6d   Thumb Code   290  led.o(i.LED_Init)
    MemManage_Handler                        0x08000c99   Thumb Code     4  stm32f10x_it.o(i.MemManage_Handler)
    NMI_Handler                              0x08000c9d   Thumb Code     2  stm32f10x_it.o(i.NMI_Handler)
    NVIC_Init                                0x08000ca1   Thumb Code   100  misc.o(i.NVIC_Init)
    NVIC_PriorityGroupConfig                 0x08000d11   Thumb Code    10  misc.o(i.NVIC_PriorityGroupConfig)
    OLED_Clear                               0x08000d25   Thumb Code    42  oled.o(i.OLED_Clear)
    OLED_DrawPoint                           0x08000d55   Thumb Code   100  oled.o(i.OLED_DrawPoint)
    OLED_Init                                0x08000dbd   Thumb Code   212  oled.o(i.OLED_Init)
    OLED_Refresh_Gram                        0x08000e91   Thumb Code    66  oled.o(i.OLED_Refresh_Gram)
    OLED_ShowChar                            0x08000ed9   Thumb Code   254  oled.o(i.OLED_ShowChar)
    OLED_ShowNum                             0x08000fe5   Thumb Code   148  oled.o(i.OLED_ShowNum)
    OLED_ShowString                          0x08001079   Thumb Code    94  oled.o(i.OLED_ShowString)
    OLED_WR_Byte                             0x080010d7   Thumb Code    24  oled.o(i.OLED_WR_Byte)
    PendSV_Handler                           0x080010ef   Thumb Code     2  stm32f10x_it.o(i.PendSV_Handler)
    RCC_ADCCLKConfig                         0x080010f1   Thumb Code    18  stm32f10x_rcc.o(i.RCC_ADCCLKConfig)
    RCC_APB1PeriphClockCmd                   0x08001109   Thumb Code    26  stm32f10x_rcc.o(i.RCC_APB1PeriphClockCmd)
    RCC_APB2PeriphClockCmd                   0x08001129   Thumb Code    26  stm32f10x_rcc.o(i.RCC_APB2PeriphClockCmd)
    RCC_GetClocksFreq                        0x08001149   Thumb Code   192  stm32f10x_rcc.o(i.RCC_GetClocksFreq)
    SDA_IN                                   0x0800121d   Thumb Code    24  iic.o(i.SDA_IN)
    SDA_OUT                                  0x08001239   Thumb Code    30  iic.o(i.SDA_OUT)
    SMG_Init                                 0x0800125d   Thumb Code   128  smg.o(i.SMG_Init)
    SVC_Handler                              0x080012ed   Thumb Code     2  stm32f10x_it.o(i.SVC_Handler)
    SysTick_CLKSourceConfig                  0x080013d9   Thumb Code    40  misc.o(i.SysTick_CLKSourceConfig)
    SysTick_Handler                          0x08001401   Thumb Code     2  stm32f10x_it.o(i.SysTick_Handler)
    SysTick_Init                             0x08001405   Thumb Code    52  systick.o(i.SysTick_Init)
    SystemInit                               0x08001441   Thumb Code    78  system_stm32f10x.o(i.SystemInit)
    USART1_IRQHandler                        0x080014a1   Thumb Code   122  usart.o(i.USART1_IRQHandler)
    USART1_Init                              0x08001529   Thumb Code   166  usart.o(i.USART1_Init)
    USART3_IRQHandler                        0x080015d9   Thumb Code   114  wifi_config.o(i.USART3_IRQHandler)
    USART3_printf                            0x08001655   Thumb Code   262  wifi_config.o(i.USART3_printf)
    USART_ClearFlag                          0x0800175b   Thumb Code    18  stm32f10x_usart.o(i.USART_ClearFlag)
    USART_Cmd                                0x0800176d   Thumb Code    24  stm32f10x_usart.o(i.USART_Cmd)
    USART_GetFlagStatus                      0x08001785   Thumb Code    26  stm32f10x_usart.o(i.USART_GetFlagStatus)
    USART_GetITStatus                        0x0800179f   Thumb Code    84  stm32f10x_usart.o(i.USART_GetITStatus)
    USART_ITConfig                           0x080017f3   Thumb Code    74  stm32f10x_usart.o(i.USART_ITConfig)
    USART_Init                               0x0800183d   Thumb Code   210  stm32f10x_usart.o(i.USART_Init)
    USART_ReceiveData                        0x08001915   Thumb Code    10  stm32f10x_usart.o(i.USART_ReceiveData)
    USART_SendData                           0x0800191f   Thumb Code     8  stm32f10x_usart.o(i.USART_SendData)
    UsageFault_Handler                       0x08001927   Thumb Code     4  stm32f10x_it.o(i.UsageFault_Handler)
    WiFi_Config                              0x0800192d   Thumb Code   268  wifi_config.o(i.WiFi_Config)
    __0printf$3                              0x08001a49   Thumb Code    22  printf3.o(i.__0printf$3)
    __1printf$3                              0x08001a49   Thumb Code     0  printf3.o(i.__0printf$3)
    __2printf                                0x08001a49   Thumb Code     0  printf3.o(i.__0printf$3)
    __0snprintf$3                            0x08001a69   Thumb Code    44  printf3.o(i.__0snprintf$3)
    __1snprintf$3                            0x08001a69   Thumb Code     0  printf3.o(i.__0snprintf$3)
    __2snprintf                              0x08001a69   Thumb Code     0  printf3.o(i.__0snprintf$3)
    __scatterload_copy                       0x08001a99   Thumb Code    14  handlers.o(i.__scatterload_copy)
    __scatterload_null                       0x08001aa7   Thumb Code     2  handlers.o(i.__scatterload_null)
    __scatterload_zeroinit                   0x08001aa9   Thumb Code    14  handlers.o(i.__scatterload_zeroinit)
    beep_chek                                0x08001c89   Thumb Code    50  main.o(i.beep_chek)
    data_pros                                0x08001cd1   Thumb Code   454  main.o(i.data_pros)
    delay_ms                                 0x08001f15   Thumb Code    72  systick.o(i.delay_ms)
    delay_us                                 0x08001f61   Thumb Code    72  systick.o(i.delay_us)
    fputc                                    0x08001fad   Thumb Code    32  usart.o(i.fputc)
    main                                     0x08002035   Thumb Code   528  main.o(i.main)
    oled_pow                                 0x08002319   Thumb Code    22  oled.o(i.oled_pow)
    send_properties_report                   0x08002331   Thumb Code    96  main.o(i.send_properties_report)
    setup_wifi_and_mqtt                      0x080023f9   Thumb Code   358  main.o(i.setup_wifi_and_mqtt)
    write_iic_cmd                            0x08002795   Thumb Code    44  oled.o(i.write_iic_cmd)
    write_iic_data                           0x080027c1   Thumb Code    44  oled.o(i.write_iic_data)
    ascii_1206                               0x080027ec   Data        1140  oled.o(.constdata)
    ascii_1608                               0x08002c60   Data        1520  oled.o(.constdata)
    ascii_2412                               0x08003250   Data        3420  oled.o(.constdata)
    FontHzk                                  0x08003fac   Data          64  oled.o(.constdata)
    Region$$Table$$Base                      0x08004118   Number         0  anon$$obj.o(Region$$Table)
    Region$$Table$$Limit                     0x08004138   Number         0  anon$$obj.o(Region$$Table)
    ssid                                     0x20000000   Data           4  main.o(.data)
    wifi_pwd                                 0x20000004   Data           4  main.o(.data)
    topic                                    0x20000008   Data           4  main.o(.data)
    temp_id                                  0x2000000c   Data           1  main.o(.data)
    humi_id                                  0x2000000d   Data           1  main.o(.data)
    light_value_id                           0x2000000e   Data           2  main.o(.data)
    smoke_value_id                           0x20000010   Data           2  main.o(.data)
    co_value_id                              0x20000012   Data           2  main.o(.data)
    key_id                                   0x20000014   Data           1  main.o(.data)
    smoke_se                                 0x20000016   Data           2  main.o(.data)
    co_set                                   0x20000018   Data           2  main.o(.data)
    sta                                      0x2000001a   Data           1  main.o(.data)
    temp                                     0x2000001b   Data           1  main.o(.data)
    humi                                     0x2000001c   Data           1  main.o(.data)
    light_value                              0x2000001e   Data           2  main.o(.data)
    smoke_value                              0x20000020   Data           2  main.o(.data)
    co_value                                 0x20000022   Data           2  main.o(.data)
    smoke_raw                                0x20000026   Data           2  main.o(.data)
    co_raw                                   0x20000028   Data           2  main.o(.data)
    retry                                    0x2000002c   Data           4  main.o(.data)
    USART1_RX_STA                            0x2000004a   Data           2  usart.o(.data)
    __stdout                                 0x2000004c   Data           4  stdout.o(.data)
    at_cmd                                   0x20000050   Data        1024  main.o(.bss)
    json_payload                             0x20000450   Data         256  main.o(.bss)
    OLED_GRAM                                0x20000564   Data        1024  oled.o(.bss)
    strEsp8266_Fram_Record                   0x20000964   Data        1026  wifi_config.o(.bss)
    USART1_RX_BUF                            0x20000d66   Data         200  usart.o(.bss)
    __initial_sp                             0x20001230   Data           0  startup_stm32f10x_md.o(STACK)



==============================================================================

Memory Map of the image

  Image Entry point : 0x080000ed

  Load Region LR_IROM1 (Base: 0x08000000, Size: 0x00004188, Max: 0x00010000, ABSOLUTE)

    Execution Region ER_IROM1 (Base: 0x08000000, Size: 0x00004138, Max: 0x00010000, ABSOLUTE)

    Base Addr    Size         Type   Attr      Idx    E Section Name        Object

    0x08000000   0x000000ec   Data   RO          266    RESET               startup_stm32f10x_md.o
    0x080000ec   0x00000000   Code   RO         2549  * .ARM.Collect$$$$00000000  mc_w.l(entry.o)
    0x080000ec   0x00000004   Code   RO         2829    .ARM.Collect$$$$00000001  mc_w.l(entry2.o)
    0x080000f0   0x00000004   Code   RO         2832    .ARM.Collect$$$$00000004  mc_w.l(entry5.o)
    0x080000f4   0x00000000   Code   RO         2834    .ARM.Collect$$$$00000008  mc_w.l(entry7b.o)
    0x080000f4   0x00000000   Code   RO         2836    .ARM.Collect$$$$0000000A  mc_w.l(entry8b.o)
    0x080000f4   0x00000008   Code   RO         2837    .ARM.Collect$$$$0000000B  mc_w.l(entry9a.o)
    0x080000fc   0x00000000   Code   RO         2839    .ARM.Collect$$$$0000000D  mc_w.l(entry10a.o)
    0x080000fc   0x00000000   Code   RO         2841    .ARM.Collect$$$$0000000F  mc_w.l(entry11a.o)
    0x080000fc   0x00000004   Code   RO         2830    .ARM.Collect$$$$00002712  mc_w.l(entry2.o)
    0x08000100   0x00000024   Code   RO          267    .text               startup_stm32f10x_md.o
    0x08000124   0x00000024   Code   RO         2554    .text               mc_w.l(strstr.o)
    0x08000148   0x0000002c   Code   RO         2845    .text               mc_w.l(uidiv.o)
    0x08000174   0x00000024   Code   RO         2862    .text               mc_w.l(init.o)
    0x08000198   0x00000016   Code   RO         1644    i.ADC_Cmd           stm32f10x_adc.o
    0x080001ae   0x00000014   Code   RO         1652    i.ADC_GetCalibrationStatus  stm32f10x_adc.o
    0x080001c2   0x00000008   Code   RO         1653    i.ADC_GetConversionValue  stm32f10x_adc.o
    0x080001ca   0x00000012   Code   RO         1655    i.ADC_GetFlagStatus  stm32f10x_adc.o
    0x080001dc   0x00000014   Code   RO         1658    i.ADC_GetResetCalibrationStatus  stm32f10x_adc.o
    0x080001f0   0x00000050   Code   RO         1662    i.ADC_Init          stm32f10x_adc.o
    0x08000240   0x000000b8   Code   RO         1666    i.ADC_RegularChannelConfig  stm32f10x_adc.o
    0x080002f8   0x0000000a   Code   RO         1667    i.ADC_ResetCalibration  stm32f10x_adc.o
    0x08000302   0x00000016   Code   RO         1669    i.ADC_SoftwareStartConvCmd  stm32f10x_adc.o
    0x08000318   0x0000000a   Code   RO         1671    i.ADC_StartCalibration  stm32f10x_adc.o
    0x08000322   0x00000002   PAD
    0x08000324   0x00000094   Code   RO         1925    i.ADCx_Init         adc.o
    0x080003b8   0x00000030   Code   RO         2437    i.BEEP_Alarm        beep.o
    0x080003e8   0x00000034   Code   RO         2438    i.BEEP_Init         beep.o
    0x0800041c   0x00000004   Code   RO          179    i.BusFault_Handler  stm32f10x_it.o
    0x08000420   0x00000050   Code   RO         1976    i.DHT11_Check       dht11.o
    0x08000470   0x00000020   Code   RO         1977    i.DHT11_IO_IN       dht11.o
    0x08000490   0x00000024   Code   RO         1978    i.DHT11_IO_OUT      dht11.o
    0x080004b4   0x00000040   Code   RO         1979    i.DHT11_Init        dht11.o
    0x080004f4   0x0000004c   Code   RO         1980    i.DHT11_Read_Bit    dht11.o
    0x08000540   0x0000001e   Code   RO         1981    i.DHT11_Read_Byte   dht11.o
    0x0800055e   0x00000058   Code   RO         1982    i.DHT11_Read_Data   dht11.o
    0x080005b6   0x00000002   PAD
    0x080005b8   0x0000002c   Code   RO         1983    i.DHT11_Rst         dht11.o
    0x080005e4   0x00000002   Code   RO          180    i.DebugMon_Handler  stm32f10x_it.o
    0x080005e6   0x00000002   PAD
    0x080005e8   0x00000024   Code   RO         2323    i.ESP8266_Choose    wifi_function.o
    0x0800060c   0x000000b8   Code   RO         2324    i.ESP8266_Cmd       wifi_function.o
    0x080006c4   0x00000116   Code   RO          278    i.GPIO_Init         stm32f10x_gpio.o
    0x080007da   0x00000002   PAD
    0x080007dc   0x00000090   Code   RO          280    i.GPIO_PinRemapConfig  stm32f10x_gpio.o
    0x0800086c   0x00000004   Code   RO          285    i.GPIO_ResetBits    stm32f10x_gpio.o
    0x08000870   0x00000004   Code   RO          286    i.GPIO_SetBits      stm32f10x_gpio.o
    0x08000874   0x00000054   Code   RO         1926    i.Get_ADC_Value     adc.o
    0x080008c8   0x00000004   Code   RO          181    i.HardFault_Handler  stm32f10x_it.o
    0x080008cc   0x0000004c   Code   RO         2034    i.IIC_Init          iic.o
    0x08000918   0x00000064   Code   RO         2037    i.IIC_Send_Byte     iic.o
    0x0800097c   0x00000038   Code   RO         2038    i.IIC_Start         iic.o
    0x080009b4   0x00000038   Code   RO         2039    i.IIC_Stop          iic.o
    0x080009ec   0x0000004c   Code   RO         2040    i.IIC_Wait_Ack      iic.o
    0x08000a38   0x00000090   Code   RO         2458    i.KEY_Init          key.o
    0x08000ac8   0x000000a4   Code   RO         2459    i.KEY_Scan          key.o
    0x08000b6c   0x0000012c   Code   RO         1904    i.LED_Init          led.o
    0x08000c98   0x00000004   Code   RO          182    i.MemManage_Handler  stm32f10x_it.o
    0x08000c9c   0x00000002   Code   RO          183    i.NMI_Handler       stm32f10x_it.o
    0x08000c9e   0x00000002   PAD
    0x08000ca0   0x00000070   Code   RO          586    i.NVIC_Init         misc.o
    0x08000d10   0x00000014   Code   RO          587    i.NVIC_PriorityGroupConfig  misc.o
    0x08000d24   0x00000030   Code   RO         2102    i.OLED_Clear        oled.o
    0x08000d54   0x00000068   Code   RO         2107    i.OLED_DrawPoint    oled.o
    0x08000dbc   0x000000d4   Code   RO         2117    i.OLED_Init         oled.o
    0x08000e90   0x00000048   Code   RO         2118    i.OLED_Refresh_Gram  oled.o
    0x08000ed8   0x0000010c   Code   RO         2120    i.OLED_ShowChar     oled.o
    0x08000fe4   0x00000094   Code   RO         2122    i.OLED_ShowNum      oled.o
    0x08001078   0x0000005e   Code   RO         2123    i.OLED_ShowString   oled.o
    0x080010d6   0x00000018   Code   RO         2124    i.OLED_WR_Byte      oled.o
    0x080010ee   0x00000002   Code   RO          184    i.PendSV_Handler    stm32f10x_it.o
    0x080010f0   0x00000018   Code   RO          386    i.RCC_ADCCLKConfig  stm32f10x_rcc.o
    0x08001108   0x00000020   Code   RO          388    i.RCC_APB1PeriphClockCmd  stm32f10x_rcc.o
    0x08001128   0x00000020   Code   RO          390    i.RCC_APB2PeriphClockCmd  stm32f10x_rcc.o
    0x08001148   0x000000d4   Code   RO          398    i.RCC_GetClocksFreq  stm32f10x_rcc.o
    0x0800121c   0x0000001c   Code   RO         2041    i.SDA_IN            iic.o
    0x08001238   0x00000024   Code   RO         2042    i.SDA_OUT           iic.o
    0x0800125c   0x00000090   Code   RO         1947    i.SMG_Init          smg.o
    0x080012ec   0x00000002   Code   RO          185    i.SVC_Handler       stm32f10x_it.o
    0x080012ee   0x00000008   Code   RO         1860    i.SetSysClock       system_stm32f10x.o
    0x080012f6   0x00000002   PAD
    0x080012f8   0x000000e0   Code   RO         1861    i.SetSysClockTo72   system_stm32f10x.o
    0x080013d8   0x00000028   Code   RO          590    i.SysTick_CLKSourceConfig  misc.o
    0x08001400   0x00000002   Code   RO          186    i.SysTick_Handler   stm32f10x_it.o
    0x08001402   0x00000002   PAD
    0x08001404   0x0000003c   Code   RO         2489    i.SysTick_Init      systick.o
    0x08001440   0x00000060   Code   RO         1863    i.SystemInit        system_stm32f10x.o
    0x080014a0   0x00000088   Code   RO         2518    i.USART1_IRQHandler  usart.o
    0x08001528   0x000000b0   Code   RO         2519    i.USART1_Init       usart.o
    0x080015d8   0x0000007c   Code   RO         2277    i.USART3_IRQHandler  wifi_config.o
    0x08001654   0x00000106   Code   RO         2278    i.USART3_printf     wifi_config.o
    0x0800175a   0x00000012   Code   RO         1224    i.USART_ClearFlag   stm32f10x_usart.o
    0x0800176c   0x00000018   Code   RO         1228    i.USART_Cmd         stm32f10x_usart.o
    0x08001784   0x0000001a   Code   RO         1231    i.USART_GetFlagStatus  stm32f10x_usart.o
    0x0800179e   0x00000054   Code   RO         1232    i.USART_GetITStatus  stm32f10x_usart.o
    0x080017f2   0x0000004a   Code   RO         1234    i.USART_ITConfig    stm32f10x_usart.o
    0x0800183c   0x000000d8   Code   RO         1235    i.USART_Init        stm32f10x_usart.o
    0x08001914   0x0000000a   Code   RO         1242    i.USART_ReceiveData  stm32f10x_usart.o
    0x0800191e   0x00000008   Code   RO         1245    i.USART_SendData    stm32f10x_usart.o
    0x08001926   0x00000004   Code   RO          187    i.UsageFault_Handler  stm32f10x_it.o
    0x0800192a   0x00000002   PAD
    0x0800192c   0x0000011c   Code   RO         2279    i.WiFi_Config       wifi_config.o
    0x08001a48   0x00000020   Code   RO         2653    i.__0printf$3       mc_w.l(printf3.o)
    0x08001a68   0x00000030   Code   RO         2654    i.__0snprintf$3     mc_w.l(printf3.o)
    0x08001a98   0x0000000e   Code   RO         2896    i.__scatterload_copy  mc_w.l(handlers.o)
    0x08001aa6   0x00000002   Code   RO         2897    i.__scatterload_null  mc_w.l(handlers.o)
    0x08001aa8   0x0000000e   Code   RO         2898    i.__scatterload_zeroinit  mc_w.l(handlers.o)
    0x08001ab6   0x00000002   PAD
    0x08001ab8   0x000001b8   Code   RO         2660    i._printf_core      mc_w.l(printf3.o)
    0x08001c70   0x00000016   Code   RO         2661    i._snputc           mc_w.l(printf3.o)
    0x08001c86   0x00000002   PAD
    0x08001c88   0x00000048   Code   RO            1    i.beep_chek         main.o
    0x08001cd0   0x00000244   Code   RO            2    i.data_pros         main.o
    0x08001f14   0x0000004c   Code   RO         2490    i.delay_ms          systick.o
    0x08001f60   0x0000004c   Code   RO         2491    i.delay_us          systick.o
    0x08001fac   0x00000024   Code   RO         2520    i.fputc             usart.o
    0x08001fd0   0x00000062   Code   RO         2280    i.itoa              wifi_config.o
    0x08002032   0x00000002   PAD
    0x08002034   0x000002e4   Code   RO            3    i.main              main.o
    0x08002318   0x00000016   Code   RO         2125    i.oled_pow          oled.o
    0x0800232e   0x00000002   PAD
    0x08002330   0x000000c8   Code   RO            4    i.send_properties_report  main.o
    0x080023f8   0x0000039c   Code   RO            5    i.setup_wifi_and_mqtt  main.o
    0x08002794   0x0000002c   Code   RO         2126    i.write_iic_cmd     oled.o
    0x080027c0   0x0000002c   Code   RO         2127    i.write_iic_data    oled.o
    0x080027ec   0x00001800   Data   RO         2129    .constdata          oled.o
    0x08003fec   0x0000012b   Data   RO            7    .conststring        main.o
    0x08004117   0x00000001   PAD
    0x08004118   0x00000020   Data   RO         2894    Region$$Table       anon$$obj.o


    Execution Region RW_IRAM1 (Base: 0x20000000, Size: 0x00001230, Max: 0x00005000, ABSOLUTE)

    Base Addr    Size         Type   Attr      Idx    E Section Name        Object

    0x20000000   0x00000030   Data   RW            8    .data               main.o
    0x20000030   0x00000014   Data   RW          418    .data               stm32f10x_rcc.o
    0x20000044   0x00000001   Data   RW         2460    .data               key.o
    0x20000045   0x00000001   PAD
    0x20000046   0x00000004   Data   RW         2492    .data               systick.o
    0x2000004a   0x00000002   Data   RW         2522    .data               usart.o
    0x2000004c   0x00000004   Data   RW         2844    .data               mc_w.l(stdout.o)
    0x20000050   0x00000514   Zero   RW            6    .bss                main.o
    0x20000564   0x00000400   Zero   RW         2128    .bss                oled.o
    0x20000964   0x00000402   Zero   RW         2281    .bss                wifi_config.o
    0x20000d66   0x000000c8   Zero   RW         2521    .bss                usart.o
    0x20000e2e   0x00000002   PAD
    0x20000e30   0x00000400   Zero   RW          264    STACK               startup_stm32f10x_md.o


==============================================================================

Image component sizes


      Code (inc. data)   RO Data    RW Data    ZI Data      Debug   Object Name

       232         12          0          0          0       1416   adc.o
       100         12          0          0          0       1201   beep.o
       450         38          0          0          0       5453   dht11.o
       428         60          0          0          0       4092   iic.o
       308         24          0          1          0       1358   key.o
       300         10          0          0          0        691   led.o
      2516       1030        299         48       1300     248107   main.o
       172         22          0          0          0       2589   misc.o
      1080         30       6144          0       1024       9243   oled.o
       144         16          0          0          0        607   smg.o
        36          8        236          0       1024        896   startup_stm32f10x_md.o
       394         10          0          0          0       9457   stm32f10x_adc.o
       430          6          0          0          0       4518   stm32f10x_gpio.o
        26          0          0          0          0       4622   stm32f10x_it.o
       300         38          0         20          0       5757   stm32f10x_rcc.o
       460          6          0          0          0       7891   stm32f10x_usart.o
       328         28          0          0          0       2297   system_stm32f10x.o
       212         16          0          4          0       2085   systick.o
       348         28          0          2        200       2796   usart.o
       768         26          0          0       1026       5699   wifi_config.o
       220         26          0          0          0       1483   wifi_function.o

    ----------------------------------------------------------------------
      9272       1446       6712         76       4576     322258   Object Totals
         0          0         32          0          0          0   (incl. Generated)
        20          0          1          1          2          0   (incl. Padding)

    ----------------------------------------------------------------------

      Code (inc. data)   RO Data    RW Data    ZI Data      Debug   Library Member Name

         0          0          0          0          0          0   entry.o
         0          0          0          0          0          0   entry10a.o
         0          0          0          0          0          0   entry11a.o
         8          4          0          0          0          0   entry2.o
         4          0          0          0          0          0   entry5.o
         0          0          0          0          0          0   entry7b.o
         0          0          0          0          0          0   entry8b.o
         8          4          0          0          0          0   entry9a.o
        30          0          0          0          0          0   handlers.o
        36          8          0          0          0         68   init.o
       542         18          0          0          0        336   printf3.o
         0          0          0          4          0          0   stdout.o
        36          0          0          0          0         80   strstr.o
        44          0          0          0          0         80   uidiv.o

    ----------------------------------------------------------------------
       712         34          0          4          0        564   Library Totals
         4          0          0          0          0          0   (incl. Padding)

    ----------------------------------------------------------------------

      Code (inc. data)   RO Data    RW Data    ZI Data      Debug   Library Name

       708         34          0          4          0        564   mc_w.l

    ----------------------------------------------------------------------
       712         34          0          4          0        564   Library Totals

    ----------------------------------------------------------------------

==============================================================================


      Code (inc. data)   RO Data    RW Data    ZI Data      Debug   

      9984       1480       6712         80       4576     318138   Grand Totals
      9984       1480       6712         80       4576     318138   ELF Image Totals
      9984       1480       6712         80          0          0   ROM Totals

==============================================================================

    Total RO  Size (Code + RO Data)                16696 (  16.30kB)
    Total RW  Size (RW Data + ZI Data)              4656 (   4.55kB)
    Total ROM Size (Code + RO Data + RW Data)      16776 (  16.38kB)

==============================================================================

